Archive member included to satisfy reference by file (symbol)

../../libDaisy//build\libdaisy.a(daisy_seed.o)
                              build/AmpSimp.o (daisy::DaisySeed::Configure())
../../libDaisy//build\libdaisy.a(codec_ak4556.o)
                              ../../libDaisy//build\libdaisy.a(daisy_seed.o) (daisy::Ak4556::Init(dsy_gpio_pin))
../../libDaisy//build\libdaisy.a(codec_wm8731.o)
                              ../../libDaisy//build\libdaisy.a(daisy_seed.o) (daisy::Wm8731::Init(daisy::Wm8731::Config const&, daisy::I2CHandle))
../../libDaisy//build\libdaisy.a(sdram.o)
                              ../../libDaisy//build\libdaisy.a(daisy_seed.o) (SdramHandle::Init())
../../libDaisy//build\libdaisy.a(audio.o)
                              ../../libDaisy//build\libdaisy.a(daisy_seed.o) (daisy::AudioHandle::Init(daisy::AudioHandle::Config const&, daisy::SaiHandle))
../../libDaisy//build\libdaisy.a(adc.o)
                              build/AmpSimp.o (daisy::AdcChannelConfig::InitSingle(dsy_gpio_pin, daisy::AdcChannelConfig::ConversionSpeed))
../../libDaisy//build\libdaisy.a(gpio.o)
                              ../../libDaisy//build\libdaisy.a(daisy_seed.o) (daisy::GPIO::Init(daisy::Pin, daisy::GPIO::Mode, daisy::GPIO::Pull, daisy::GPIO::Speed))
../../libDaisy//build\libdaisy.a(i2c.o)
                              ../../libDaisy//build\libdaisy.a(daisy_seed.o) (daisy::I2CHandle::Init(daisy::I2CHandle::Config const&))
../../libDaisy//build\libdaisy.a(qspi.o)
                              ../../libDaisy//build\libdaisy.a(daisy_seed.o) (daisy::QSPIHandle::Init(daisy::QSPIHandle::Config const&))
../../libDaisy//build\libdaisy.a(sai.o)
                              ../../libDaisy//build\libdaisy.a(daisy_seed.o) (daisy::SaiHandle::Init(daisy::SaiHandle::Config const&))
../../libDaisy//build\libdaisy.a(system.o)
                              ../../libDaisy//build\libdaisy.a(daisy_seed.o) (daisy::System::DeInit())
../../libDaisy//build\libdaisy.a(system_stm32h7xx.o)
                              build/startup_stm32h750xx.o (SystemInit)
../../libDaisy//build\libdaisy.a(usbd_conf.o)
                              ../../libDaisy//build\libdaisy.a(system.o) (hpcd_USB_OTG_HS)
../../libDaisy//build\libdaisy.a(usbh_conf.o)
                              ../../libDaisy//build\libdaisy.a(system.o) (hhcd_USB_OTG_HS)
../../libDaisy//build\libdaisy.a(hal_map.o)
                              ../../libDaisy//build\libdaisy.a(gpio.o) (dsy_hal_map_get_port)
../../libDaisy//build\libdaisy.a(stm32h7xx_hal.o)
                              ../../libDaisy//build\libdaisy.a(system.o) (HAL_Init)
../../libDaisy//build\libdaisy.a(stm32h7xx_hal_adc.o)
                              ../../libDaisy//build\libdaisy.a(adc.o) (HAL_ADC_ConfigChannel)
../../libDaisy//build\libdaisy.a(stm32h7xx_hal_adc_ex.o)
                              ../../libDaisy//build\libdaisy.a(adc.o) (HAL_ADCEx_Calibration_Start)
../../libDaisy//build\libdaisy.a(stm32h7xx_hal_cortex.o)
                              ../../libDaisy//build\libdaisy.a(stm32h7xx_hal.o) (HAL_NVIC_SetPriorityGrouping)
../../libDaisy//build\libdaisy.a(stm32h7xx_hal_dma.o)
                              ../../libDaisy//build\libdaisy.a(adc.o) (HAL_DMA_Init)
../../libDaisy//build\libdaisy.a(stm32h7xx_hal_gpio.o)
                              ../../libDaisy//build\libdaisy.a(sdram.o) (HAL_GPIO_Init)
../../libDaisy//build\libdaisy.a(stm32h7xx_hal_hcd.o)
                              ../../libDaisy//build\libdaisy.a(usbh_conf.o) (HAL_HCD_HC_Init)
../../libDaisy//build\libdaisy.a(stm32h7xx_hal_i2c.o)
                              ../../libDaisy//build\libdaisy.a(i2c.o) (HAL_I2C_Init)
../../libDaisy//build\libdaisy.a(stm32h7xx_hal_i2c_ex.o)
                              ../../libDaisy//build\libdaisy.a(i2c.o) (HAL_I2CEx_ConfigAnalogFilter)
../../libDaisy//build\libdaisy.a(stm32h7xx_hal_pcd.o)
                              ../../libDaisy//build\libdaisy.a(usbd_conf.o) (HAL_PCD_Init)
../../libDaisy//build\libdaisy.a(stm32h7xx_hal_pcd_ex.o)
                              ../../libDaisy//build\libdaisy.a(usbd_conf.o) (HAL_PCDEx_SetTxFiFo)
../../libDaisy//build\libdaisy.a(stm32h7xx_hal_pwr_ex.o)
                              ../../libDaisy//build\libdaisy.a(system.o) (HAL_PWREx_ConfigSupply)
../../libDaisy//build\libdaisy.a(stm32h7xx_hal_qspi.o)
                              ../../libDaisy//build\libdaisy.a(qspi.o) (HAL_QSPI_Init)
../../libDaisy//build\libdaisy.a(stm32h7xx_hal_rcc.o)
                              ../../libDaisy//build\libdaisy.a(system.o) (HAL_RCC_OscConfig)
../../libDaisy//build\libdaisy.a(stm32h7xx_hal_rcc_ex.o)
                              ../../libDaisy//build\libdaisy.a(system.o) (HAL_RCCEx_PeriphCLKConfig)
../../libDaisy//build\libdaisy.a(stm32h7xx_hal_sai.o)
                              ../../libDaisy//build\libdaisy.a(sai.o) (HAL_SAI_InitProtocol)
../../libDaisy//build\libdaisy.a(stm32h7xx_hal_sdram.o)
[...]
Memory Configuration

Name             Origin             Length             Attributes
FLASH            0x08000000         0x00020000         xr
DTCMRAM          0x20000000         0x00020000         xrw
SRAM             0x24000000         0x00080000         xrw
RAM_D2           0x30000000         0x00048000         xrw
RAM_D3           0x38000000         0x00010000         xrw
BACKUP_SRAM      0x38800000         0x00001000         xrw
ITCMRAM          0x00000000         0x00010000         xrw
SDRAM            0xc0000000         0x04000000         xrw
QSPIFLASH        0x90000000         0x00800000         xr
*default*        0x00000000         0xffffffff

Linker script and memory map

LOAD C:/msys64/ucrt64/bin/../lib/gcc/arm-none-eabi/13.3.0/thumb/v7e-m+dp/hard/crti.o
LOAD C:/msys64/ucrt64/bin/../lib/gcc/arm-none-eabi/13.3.0/thumb/v7e-m+dp/hard/crtbegin.o
LOAD C:/msys64/ucrt64/bin/../lib/gcc/arm-none-eabi/13.3.0/../../../../arm-none-eabi/lib/thumb/v7e-m+dp/hard/crt0.o
LOAD build/startup_stm32h750xx.o
LOAD build/AmpSimp.o
LOAD ../../libDaisy//build\libdaisy.a
LOAD C:/msys64/ucrt64/bin/../lib/gcc/arm-none-eabi/13.3.0/../../../../arm-none-eabi/lib/thumb/v7e-m+dp/hard\libnosys.a
LOAD ../../DaisySP//build\libdaisysp.a
LOAD C:/msys64/ucrt64/bin/../lib/gcc/arm-none-eabi/13.3.0/../../../../arm-none-eabi/lib/thumb/v7e-m+dp/hard\libstdc++_nano.a
LOAD C:/msys64/ucrt64/bin/../lib/gcc/arm-none-eabi/13.3.0/../../../../arm-none-eabi/lib/thumb/v7e-m+dp/hard\libm.a
LOAD C:/msys64/ucrt64/bin/../lib/gcc/arm-none-eabi/13.3.0/../../../../arm-none-eabi/lib/thumb/v7e-m+dp/hard\libc_nano.a
START GROUP
LOAD C:/msys64/ucrt64/bin/../lib/gcc/arm-none-eabi/13.3.0/thumb/v7e-m+dp/hard\libgcc.a
LOAD C:/msys64/ucrt64/bin/../lib/gcc/arm-none-eabi/13.3.0/../../../../arm-none-eabi/lib/thumb/v7e-m+dp/hard\libc_nano.a
END GROUP
START GROUP
LOAD C:/msys64/ucrt64/bin/../lib/gcc/arm-none-eabi/13.3.0/thumb/v7e-m+dp/hard\libgcc.a
LOAD C:/msys64/ucrt64/bin/../lib/gcc/arm-none-eabi/13.3.0/../../../../arm-none-eabi/lib/thumb/v7e-m+dp/hard\libc_nano.a
LOAD C:/msys64/ucrt64/bin/../lib/gcc/arm-none-eabi/13.3.0/../../../../arm-none-eabi/lib/thumb/v7e-m+dp/hard\libnosys.a
END GROUP
START GROUP
LOAD C:/msys64/ucrt64/bin/../lib/gcc/arm-none-eabi/13.3.0/thumb/v7e-m+dp/hard\libgcc.a
LOAD C:/msys64/ucrt64/bin/../lib/gcc/arm-none-eabi/13.3.0/../../../../arm-none-eabi/lib/thumb/v7e-m+dp/hard\libc_nano.a
LOAD C:/msys64/ucrt64/bin/../lib/gcc/arm-none-eabi/13.3.0/../../../../arm-none-eabi/lib/thumb/v7e-m+dp/hard\libnosys.a
END GROUP
LOAD C:/msys64/ucrt64/bin/../lib/gcc/arm-none-eabi/13.3.0/thumb/v7e-m+dp/hard/crtend.o
LOAD C:/msys64/ucrt64/bin/../lib/gcc/arm-none-eabi/13.3.0/thumb/v7e-m+dp/hard/crtn.o
                0x20020000                        _estack = 0x20020000

.isr_vector     0x08000000      0x298
                0x08000000                        . = ALIGN (0x4)
 *(.isr_vector)
 .isr_vector    0x08000000      0x298 build/startup_stm32h750xx.o
                0x08000000                g_pfnVectors
                0x08000298                        . = ALIGN (0x4)

.text           0x08000298     0xfe24
                0x08000298                        . = ALIGN (0x4)
                0x08000298                        _stext = .
 *(.text)
 .text          0x08000298       0x1c C:/msys64/ucrt64/bin/../lib/gcc/arm-none-eabi/13.3.0/../../../../arm-none-eabi/lib/thumb/v7e-m+dp/hard\libc_nano.a(libc_a-cxa_atexit.o)
                0x08000298                __cxa_atexit
 .text          0x080002b4       0xa4 C:/msys64/ucrt64/bin/../lib/gcc/arm-none-eabi/13.3.0/../../../../arm-none-eabi/lib/thumb/v7e-m+dp/hard\libc_nano.a(libc_a-memset.o)
                0x080002b4                memset
 .text          0x08000358       0x50 C:/msys64/ucrt64/bin/../lib/gcc/arm-none-eabi/13.3.0/../../../../arm-none-eabi/lib/thumb/v7e-m+dp/hard\libc_nano.a(libc_a-init.o)
                0x08000358                __libc_init_array
 .text          0x080003a8       0x28 C:/msys64/ucrt64/bin/../lib/gcc/arm-none-eabi/13.3.0/../../../../arm-none-eabi/lib/thumb/v7e-m+dp/hard\libc_nano.a(libc_a-lock.o)
                0x080003a8                __retarget_lock_init
                0x080003ac                __retarget_lock_init_recursive
                0x080003b0                __retarget_lock_close
                0x080003b4                __retarget_lock_close_recursive
                0x080003b8                __retarget_lock_acquire
                0x080003bc                __retarget_lock_acquire_recursive
                0x080003c0                __retarget_lock_try_acquire
                0x080003c4                __retarget_lock_try_acquire_recursive
                0x080003c8                __retarget_lock_release
                0x080003cc                __retarget_lock_release_recursive
 .text          0x080003d0      0x134 C:/msys64/ucrt64/bin/../lib/gcc/arm-none-eabi/13.3.0/../../../../arm-none-eabi/lib/thumb/v7e-m+dp/hard\libc_nano.a(libc_a-memcpy.o)
                0x080003d0                memcpy
 .text          0x08000504       0xbc C:/msys64/ucrt64/bin/../lib/gcc/arm-none-eabi/13.3.0/../../../../arm-none-eabi/lib/thumb/v7e-m+dp/hard\libc_nano.a(libc_a-__atexit.o)
                0x08000504                __register_exitproc
 .text          0x080005c0       0x30 C:/msys64/ucrt64/bin/../lib/gcc/arm-none-eabi/13.3.0/thumb/v7e-m+dp/hard\libgcc.a(_aeabi_uldivmod.o)
                0x080005c0                __aeabi_uldivmod
 .text          0x080005f0        0x4 C:/msys64/ucrt64/bin/../lib/gcc/arm-none-eabi/13.3.0/thumb/v7e-m+dp/hard\libgcc.a(_dvmd_tls.o)
                0x080005f0                __aeabi_idiv0
                0x080005f0                __aeabi_ldiv0
 *(.text*)
 .text.__do_global_dtors_aux
                0x080005f4       0x24 C:/msys64/ucrt64/bin/../lib/gcc/arm-none-eabi/13.3.0/thumb/v7e-m+dp/hard/crtbegin.o
 .text.frame_dummy
                0x08000618       0x1c C:/msys64/ucrt64/bin/../lib/gcc/arm-none-eabi/13.3.0/thumb/v7e-m+dp/hard/crtbegin.o
 .text.Default_Handler
                0x08000634        0x4 build/startup_stm32h750xx.o
                0x08000634                RTC_Alarm_IRQHandler
                0x08000634                HASH_RNG_IRQHandler
                0x08000634                EXTI2_IRQHandler
                0x08000634                TIM8_CC_IRQHandler
                0x08000634                HRTIM1_Master_IRQHandler
                0x08000634                DebugMon_Handler
                0x08000634                TIM1_CC_IRQHandler
                0x08000634                BDMA_Channel6_IRQHandler
                0x08000634                DMA2_Stream5_IRQHandler
                0x08000634                HRTIM1_FLT_IRQHandler
                0x08000634                JPEG_IRQHandler
                0x08000634                BDMA_Channel1_IRQHandler
                0x08000634                HRTIM1_TIMD_IRQHandler
                0x08000634                TAMP_STAMP_IRQHandler
                0x08000634                PendSV_Handler
                0x08000634                NMI_Handler
                0x08000634                EXTI3_IRQHandler
                0x08000634                LPTIM4_IRQHandler
                0x08000634                TIM8_TRG_COM_TIM14_IRQHandler
                0x08000634                LPTIM2_IRQHandler
                0x08000634                DFSDM1_FLT1_IRQHandler
                0x08000634                DMAMUX2_OVR_IRQHandler
                0x08000634                TIM8_UP_TIM13_IRQHandler
                0x08000634                I2C3_ER_IRQHandler
                0x08000634                DFSDM1_FLT2_IRQHandler
                0x08000634                MDMA_IRQHandler
                0x08000634                LPTIM3_IRQHandler
                0x08000634                HSEM1_IRQHandler
                0x08000634                EXTI0_IRQHandler
                0x08000634                FPU_IRQHandler
                0x08000634                OTG_HS_WKUP_IRQHandler
                0x08000634                FDCAN1_IT1_IRQHandler
                0x08000634                UsageFault_Handler
                0x08000634                LTDC_ER_IRQHandler
                0x08000634                HRTIM1_TIME_IRQHandler
                0x08000634                TIM6_DAC_IRQHandler
                0x08000634                DCMI_IRQHandler
                0x08000634                HRTIM1_TIMC_IRQHandler
                0x08000634                SAI2_IRQHandler
                0x08000634                DFSDM1_FLT3_IRQHandler
                0x08000634                TIM17_IRQHandler
                0x08000634                CRYP_IRQHandler
                0x08000634                BDMA_Channel7_IRQHandler
                0x08000634                LPTIM5_IRQHandler
                0x08000634                ADC3_IRQHandler
                0x08000634                DMA2_Stream0_IRQHandler
                0x08000634                BDMA_Channel2_IRQHandler
                0x08000634                DMAMUX1_OVR_IRQHandler
                0x08000634                TIM16_IRQHandler
                0x08000634                BDMA_Channel5_IRQHandler
                0x08000634                RCC_IRQHandler
                0x08000634                TIM8_BRK_TIM12_IRQHandler
                0x08000634                TIM1_TRG_COM_IRQHandler
                0x08000634                Default_Handler
                0x08000634                ECC_IRQHandler
                0x08000634                CEC_IRQHandler
                0x08000634                EXTI15_10_IRQHandler
                0x08000634                BDMA_Channel0_IRQHandler
                0x08000634                ADC_IRQHandler
                0x08000634                DMA1_Stream7_IRQHandler
                0x08000634                HRTIM1_TIMA_IRQHandler
                0x08000634                TIM7_IRQHandler
                0x08000634                SDMMC1_IRQHandler
                0x08000634                DMA2_Stream7_IRQHandler
                0x08000634                TIM15_IRQHandler
                0x08000634                PVD_AVD_IRQHandler
                0x08000634                EXTI9_5_IRQHandler
                0x08000634                RTC_WKUP_IRQHandler
                0x08000634                LTDC_IRQHandler
                0x08000634                SAI3_IRQHandler
                0x08000634                ETH_WKUP_IRQHandler
                0x08000634                SPDIF_RX_IRQHandler
                0x08000634                MemManage_Handler
                0x08000634                SVC_Handler
                0x08000634                CRS_IRQHandler
                0x08000634                EXTI4_IRQHandler
                0x08000634                HRTIM1_TIMB_IRQHandler
                0x08000634                FDCAN2_IT1_IRQHandler
                0x08000634                ETH_IRQHandler
                0x08000634                TIM1_UP_IRQHandler
                0x08000634                BDMA_Channel4_IRQHandler
                0x08000634                WWDG_IRQHandler
                0x08000634                SPI6_IRQHandler
                0x08000634                I2C4_EV_IRQHandler
                0x08000634                MDIOS_IRQHandler
                0x08000634                FDCAN2_IT0_IRQHandler
                0x08000634                FDCAN1_IT0_IRQHandler
                0x08000634                OTG_FS_WKUP_IRQHandler
                0x08000634                DMA2D_IRQHandler
                0x08000634                TIM1_BRK_IRQHandler
                0x08000634                EXTI1_IRQHandler
                0x08000634                SDMMC2_IRQHandler
                0x08000634                OTG_FS_EP1_OUT_IRQHandler
                0x08000634                BDMA_Channel3_IRQHandler
                0x08000634                MDIOS_WKUP_IRQHandler
                0x08000634                DFSDM1_FLT0_IRQHandler
                0x08000634                SAI4_IRQHandler
                0x08000634                I2C2_ER_IRQHandler
                0x08000634                DMA2_Stream1_IRQHandler
                0x08000634                FLASH_IRQHandler
                0x08000634                BusFault_Handler
                0x08000634                OTG_FS_IRQHandler
                0x08000634                WAKEUP_PIN_IRQHandler
                0x08000634                OTG_FS_EP1_IN_IRQHandler
                0x08000634                I2C1_ER_IRQHandler
                0x08000634                FMC_IRQHandler
                0x08000634                FDCAN_CAL_IRQHandler
                0x08000634                SWPMI1_IRQHandler
                0x08000634                COMP1_IRQHandler
                0x08000634                LPTIM1_IRQHandler
                0x08000634                I2C4_ER_IRQHandler
                0x08000634                DMA2_Stream6_IRQHandler
                0x08000634                SAI1_IRQHandler
 .text.Reset_Handler
                0x08000638       0x44 build/startup_stm32h750xx.o
                0x08000638                Reset_Handler
 .text._ZN5daisy9DaisySeedD2Ev
                0x0800067c        0x4 build/AmpSimp.o
                0x0800067c                daisy::DaisySeed::~DaisySeed()
                0x0800067c                daisy::DaisySeed::~DaisySeed()
 .text._Z13AudioCallbackPKfPfj
                0x08000680        0x4 build/AmpSimp.o
                0x08000680                AudioCallback(float const*, float*, unsigned int)
 .text.startup.main
                0x08000684       0x60 build/AmpSimp.o
                0x08000684                main
 .text.startup._GLOBAL__sub_I_hardware
                0x080006e4       0x20 build/AmpSimp.o
 .text._ZN5daisy9DaisySeed9ConfigureEv
                0x08000704        0x4 ../../libDaisy//build\libdaisy.a(daisy_seed.o)
                0x08000704                daisy::DaisySeed::Configure()
 .text._ZN5daisy9DaisySeed6GetPinEh
                0x08000708       0x2c ../../libDaisy//build\libdaisy.a(daisy_seed.o)
                0x08000708                daisy::DaisySeed::GetPin(unsigned char)
 .text._ZN5daisy9DaisySeed10StartAudioEPFvPKfPfjE
                0x08000734        0x8 ../../libDaisy//build\libdaisy.a(daisy_seed.o)
                0x08000734                daisy::DaisySeed::StartAudio(void (*)(float const*, float*, unsigned int))
 .text._ZN5daisy9DaisySeed15AudioSampleRateEv
                0x0800073c        0x8 ../../libDaisy//build\libdaisy.a(daisy_seed.o)
                0x0800073c                daisy::DaisySeed::AudioSampleRate()
 .text._ZN5daisy9DaisySeed17SetAudioBlockSizeEj
                0x08000744       0x38 ../../libDaisy//build\libdaisy.a(daisy_seed.o)
                0x08000744                daisy::DaisySeed::SetAudioBlockSize(unsigned int)
 .text._ZN5daisy9DaisySeed17CheckBoardVersionEv
                0x0800077c       0x6c ../../libDaisy//build\libdaisy.a(daisy_seed.o)
                0x0800077c                daisy::DaisySeed::CheckBoardVersion()
 .text._ZN5daisy9DaisySeed14ConfigureAudioEv
                0x080007e8      0x108 ../../libDaisy//build\libdaisy.a(daisy_seed.o)
                0x080007e8                daisy::DaisySeed::ConfigureAudio()
 .text._ZN5daisy9DaisySeed4InitEb
                0x080008f0       0xf4 ../../libDaisy//build\libdaisy.a(daisy_seed.o)
                0x080008f0                daisy::DaisySeed::Init(bool)
 .text._ZN5daisy6Ak45564InitE12dsy_gpio_pin
                0x080009e4       0x40 ../../libDaisy//build\libdaisy.a(codec_ak4556.o)
                0x080009e4                daisy::Ak4556::Init(dsy_gpio_pin)
 .text._ZN5daisy6Wm873120WriteControlRegisterEht
                0x08000a24       0x3c ../../libDaisy//build\libdaisy.a(codec_wm8731.o)
                0x08000a24                daisy::Wm8731::WriteControlRegister(unsigned char, unsigned short)
 .text._ZN5daisy6Wm87314InitERKNS0_6ConfigENS_9I2CHandleE
                0x08000a60      0x1b4 ../../libDaisy//build\libdaisy.a(codec_wm8731.o)
                0x08000a60                daisy::Wm8731::Init(daisy::Wm8731::Config const&, daisy::I2CHandle)
 .text._ZN11SdramHandle10DeviceInitEv
                0x08000c14       0x8c ../../libDaisy//build\libdaisy.a(sdram.o)
                0x08000c14                SdramHandle::DeviceInit()
 .text._ZN11SdramHandle4InitEv
                0x08000ca0       0x88 ../../libDaisy//build\libdaisy.a(sdram.o)
                0x08000ca0                SdramHandle::Init()
 .text.HAL_SDRAM_MspInit
                0x08000d28      0x19c ../../libDaisy//build\libdaisy.a(sdram.o)
                0x08000d28                HAL_SDRAM_MspInit
 .text._ZN5daisy11AudioHandle4Impl16InternalCallbackEPlS2_j
                0x08000ec4      0xd70 ../../libDaisy//build\libdaisy.a(audio.o)
                0x08000ec4                daisy::AudioHandle::Impl::InternalCallback(long*, long*, unsigned int)
 .text._ZN5daisy11AudioHandle4InitERKNS0_6ConfigENS_9SaiHandleE
                0x08001c34       0x70 ../../libDaisy//build\libdaisy.a(audio.o)
                0x08001c34                daisy::AudioHandle::Init(daisy::AudioHandle::Config const&, daisy::SaiHandle)
 .text._ZNK5daisy11AudioHandle9GetConfigEv
                0x08001ca4        0x8 ../../libDaisy//build\libdaisy.a(audio.o)
                0x08001ca4                daisy::AudioHandle::GetConfig() const
 .text._ZN5daisy11AudioHandle12SetBlockSizeEj
                0x08001cac       0x1c ../../libDaisy//build\libdaisy.a(audio.o)
                0x08001cac                daisy::AudioHandle::SetBlockSize(unsigned int)
 .text._ZN5daisy11AudioHandle13GetSampleRateEv
                0x08001cc8        0x8 ../../libDaisy//build\libdaisy.a(audio.o)
                0x08001cc8                daisy::AudioHandle::GetSampleRate()
 .text._ZN5daisy11AudioHandle5StartEPFvPKfPfjE
                0x08001cd0       0x2c ../../libDaisy//build\libdaisy.a(audio.o)
                0x08001cd0                daisy::AudioHandle::Start(void (*)(float const*, float*, unsigned int))
 .text.startup._GLOBAL__sub_I__ZN5daisy11AudioHandle4Impl4InitENS0_6ConfigENS_9SaiHandleE
                0x08001cfc       0x20 ../../libDaisy//build\libdaisy.a(audio.o)
 .text._ZN5daisy16AdcChannelConfig10InitSingleE12dsy_gpio_pinNS0_15ConversionSpeedE
                0x08001d1c       0x28 ../../libDaisy//build\libdaisy.a(adc.o)
                0x08001d1c                daisy::AdcChannelConfig::InitSingle(dsy_gpio_pin, daisy::AdcChannelConfig::ConversionSpeed)
 .text._ZN5daisy9AdcHandle4InitEPNS_16AdcChannelConfigEjNS0_12OverSamplingE
                0x08001d44      0x3ec ../../libDaisy//build\libdaisy.a(adc.o)
                0x08001d44                daisy::AdcHandle::Init(daisy::AdcChannelConfig*, unsigned int, daisy::AdcHandle::OverSampling)
 .text._ZN5daisy9AdcHandle5StartEv
                0x08002130       0x28 ../../libDaisy//build\libdaisy.a(adc.o)
                0x08002130                daisy::AdcHandle::Start()
 .text.HAL_ADC_MspInit
                0x08002158       0x94 ../../libDaisy//build\libdaisy.a(adc.o)
                0x08002158                HAL_ADC_MspInit
 .text.DMA1_Stream2_IRQHandler
                0x080021ec        0xc ../../libDaisy//build\libdaisy.a(adc.o)
                0x080021ec                DMA1_Stream2_IRQHandler
 .text.HAL_ADC_ConvCpltCallback
                0x080021f8      0x11c ../../libDaisy//build\libdaisy.a(adc.o)
                0x080021f8                HAL_ADC_ConvCpltCallback
 .text.HAL_ADC_ErrorCallback
                0x08002314        0x4 ../../libDaisy//build\libdaisy.a(adc.o)
                0x08002314                HAL_ADC_ErrorCallback
 .text._ZN5daisy4GPIO4InitENS_3PinENS0_4ModeENS0_4PullENS0_5SpeedE
                0x08002318      0x21c ../../libDaisy//build\libdaisy.a(gpio.o)
                0x08002318                daisy::GPIO::Init(daisy::Pin, daisy::GPIO::Mode, daisy::GPIO::Pull, daisy::GPIO::Speed)
 .text._ZN5daisy4GPIO4ReadEv
                0x08002534       0x18 ../../libDaisy//build\libdaisy.a(gpio.o)
                0x08002534                daisy::GPIO::Read()
 .text._ZN5daisy4GPIO5WriteEb
                0x0800254c       0x14 ../../libDaisy//build\libdaisy.a(gpio.o)
                0x0800254c                daisy::GPIO::Write(bool)
 .text.dsy_gpio_init
                0x08002560      0x1bc ../../libDaisy//build\libdaisy.a(gpio.o)
                0x08002560                dsy_gpio_init
 .text.dsy_gpio_write
                0x0800271c       0x24 ../../libDaisy//build\libdaisy.a(gpio.o)
                0x0800271c                dsy_gpio_write
 .text._ZN5daisy9I2CHandle4Impl8InitPinsEv
                0x08002740       0x58 ../../libDaisy//build\libdaisy.a(i2c.o)
                0x08002740                daisy::I2CHandle::Impl::InitPins()
 .text.HAL_I2C_MspInit
                0x08002798      0x1b4 ../../libDaisy//build\libdaisy.a(i2c.o)
                0x08002798                HAL_I2C_MspInit
 .text.dsy_i2c_global_init
                0x0800294c       0x70 ../../libDaisy//build\libdaisy.a(i2c.o)
                0x0800294c                dsy_i2c_global_init
 .text.DMA1_Stream6_IRQHandler
                0x080029bc       0x30 ../../libDaisy//build\libdaisy.a(i2c.o)
                0x080029bc                DMA1_Stream6_IRQHandler
 .text.I2C1_EV_IRQHandler
                0x080029ec        0xc ../../libDaisy//build\libdaisy.a(i2c.o)
                0x080029ec                I2C1_EV_IRQHandler
 .text.I2C2_EV_IRQHandler
                0x080029f8        0xc ../../libDaisy//build\libdaisy.a(i2c.o)
                0x080029f8                I2C2_EV_IRQHandler
 .text.I2C3_EV_IRQHandler
                0x08002a04        0xc ../../libDaisy//build\libdaisy.a(i2c.o)
                0x08002a04                I2C3_EV_IRQHandler
 .text._ZN5daisy9I2CHandle4InitERKNS0_6ConfigE
                0x08002a10      0x120 ../../libDaisy//build\libdaisy.a(i2c.o)
                0x08002a10                daisy::I2CHandle::Init(daisy::I2CHandle::Config const&)
 .text._ZN5daisy9I2CHandle16TransmitBlockingEtPhtm
                0x08002b30       0x50 ../../libDaisy//build\libdaisy.a(i2c.o)
                0x08002b30                daisy::I2CHandle::TransmitBlocking(unsigned short, unsigned char*, unsigned short, unsigned long)
 .text.startup._GLOBAL__sub_I__ZN5daisy9I2CHandle4Impl10GlobalInitEv
                0x08002b80       0x18 ../../libDaisy//build\libdaisy.a(i2c.o)
 .text._ZN5daisy10QSPIHandle4Impl11WriteEnableEv
                0x08002b98       0x88 ../../libDaisy//build\libdaisy.a(qspi.o)
                0x08002b98                daisy::QSPIHandle::Impl::WriteEnable()
 .text._ZN5daisy10QSPIHandle4Impl17DummyCyclesConfigENS0_6Config6DeviceE
                0x08002c20      0x108 ../../libDaisy//build\libdaisy.a(qspi.o)
                0x08002c20                daisy::QSPIHandle::Impl::DummyCyclesConfig(daisy::QSPIHandle::Config::Device)
 .text._ZN5daisy10QSPIHandle4Impl10QuadEnableEv
                0x08002d28      0x140 ../../libDaisy//build\libdaisy.a(qspi.o)
                0x08002d28                daisy::QSPIHandle::Impl::QuadEnable()
 .text._ZN5daisy10QSPIHandle4InitERKNS0_6ConfigE
                0x08002e68      0x180 ../../libDaisy//build\libdaisy.a(qspi.o)
                0x08002e68                daisy::QSPIHandle::Init(daisy::QSPIHandle::Config const&)
 .text.HAL_QSPI_MspInit
                0x08002fe8      0x11c ../../libDaisy//build\libdaisy.a(qspi.o)
                0x08002fe8                HAL_QSPI_MspInit
 .text.HAL_QSPI_MspDeInit
                0x08003104       0x54 ../../libDaisy//build\libdaisy.a(qspi.o)
                0x08003104                HAL_QSPI_MspDeInit
 .text.QUADSPI_IRQHandler
                0x08003158        0xc ../../libDaisy//build\libdaisy.a(qspi.o)
                0x08003158                QUADSPI_IRQHandler
 .text.startup._GLOBAL__sub_I__ZN5daisy10QSPIHandle4Impl4InitERKNS0_6ConfigE
                0x08003164       0x28 ../../libDaisy//build\libdaisy.a(qspi.o)
 .text._ZN5daisy9SaiHandle4Impl8InitPinsEv
                0x0800318c       0xac ../../libDaisy//build\libdaisy.a(sai.o)
                0x0800318c                daisy::SaiHandle::Impl::InitPins()
 .text.HAL_SAI_MspInit
                0x08003238      0x2a8 ../../libDaisy//build\libdaisy.a(sai.o)
                0x08003238                HAL_SAI_MspInit
 .text.DMA1_Stream0_IRQHandler
                0x080034e0        0xc ../../libDaisy//build\libdaisy.a(sai.o)
                0x080034e0                DMA1_Stream0_IRQHandler
 .text.DMA1_Stream1_IRQHandler
                0x080034ec        0xc ../../libDaisy//build\libdaisy.a(sai.o)
                0x080034ec                DMA1_Stream1_IRQHandler
 .text.DMA1_Stream3_IRQHandler
                0x080034f8        0xc ../../libDaisy//build\libdaisy.a(sai.o)
                0x080034f8                DMA1_Stream3_IRQHandler
 .text.DMA1_Stream4_IRQHandler
                0x08003504        0xc ../../libDaisy//build\libdaisy.a(sai.o)
                0x08003504                DMA1_Stream4_IRQHandler
 .text.HAL_SAI_RxHalfCpltCallback
                0x08003510       0x78 ../../libDaisy//build\libdaisy.a(sai.o)
                0x08003510                HAL_SAI_RxHalfCpltCallback
 .text.HAL_SAI_RxCpltCallback
                0x08003588       0x70 ../../libDaisy//build\libdaisy.a(sai.o)
                0x08003588                HAL_SAI_RxCpltCallback
 .text._ZN5daisy9SaiHandle4InitERKNS0_6ConfigE
                0x080035f8      0x204 ../../libDaisy//build\libdaisy.a(sai.o)
                0x080035f8                daisy::SaiHandle::Init(daisy::SaiHandle::Config const&)
 .text._ZNK5daisy9SaiHandle9GetConfigEv
                0x080037fc        0x4 ../../libDaisy//build\libdaisy.a(sai.o)
                0x080037fc                daisy::SaiHandle::GetConfig() const
 .text._ZN5daisy9SaiHandle8StartDmaEPlS1_jPFvS1_S1_jE
                0x08003800       0xac ../../libDaisy//build\libdaisy.a(sai.o)
                0x08003800                daisy::SaiHandle::StartDma(long*, long*, unsigned int, void (*)(long*, long*, unsigned int))
 .text._ZN5daisy9SaiHandle13GetSampleRateEv
                0x080038ac       0x24 ../../libDaisy//build\libdaisy.a(sai.o)
                0x080038ac                daisy::SaiHandle::GetSampleRate()
 .text._ZNK5daisy9SaiHandle9GetOffsetEv
                0x080038d0        0x8 ../../libDaisy//build\libdaisy.a(sai.o)
                0x080038d0                daisy::SaiHandle::GetOffset() const
 .text._ZN5daisy11TimerHandleD2Ev
                0x080038d8        0x4 ../../libDaisy//build\libdaisy.a(system.o)
                0x080038d8                daisy::TimerHandle::~TimerHandle()
                0x080038d8                daisy::TimerHandle::~TimerHandle()
 .text.SysTick_Handler
                0x080038dc       0x10 ../../libDaisy//build\libdaisy.a(system.o)
                0x080038dc                SysTick_Handler
 .text.OTG_HS_EP1_OUT_IRQHandler
                0x080038ec       0x24 ../../libDaisy//build\libdaisy.a(system.o)
                0x080038ec                OTG_HS_EP1_OUT_IRQHandler
 .text.OTG_HS_EP1_IN_IRQHandler
                0x08003910       0x24 ../../libDaisy//build\libdaisy.a(system.o)
                0x08003910                OTG_HS_EP1_IN_IRQHandler
 .text.OTG_HS_IRQHandler
                0x08003934       0x24 ../../libDaisy//build\libdaisy.a(system.o)
                0x08003934                OTG_HS_IRQHandler
 .text.HardFault_Handler
                0x08003958       0xe0 ../../libDaisy//build\libdaisy.a(system.o)
                0x08003958                HardFault_Handler
 .text._ZN5daisy6System5DelayEm
                0x08003a38        0x4 ../../libDaisy//build\libdaisy.a(system.o)
                0x08003a38                daisy::System::Delay(unsigned long)
 .text._ZN5daisy6System20GetBootloaderVersionEv
                0x08003a3c       0x34 ../../libDaisy//build\libdaisy.a(system.o)
                0x08003a3c                daisy::System::GetBootloaderVersion()
 .text._ZN5daisy6System15ConfigureClocksEv
                0x08003a70      0x188 ../../libDaisy//build\libdaisy.a(system.o)
                0x08003a70                daisy::System::ConfigureClocks()
 .text._ZN5daisy6System12ConfigureMpuEv
                0x08003bf8       0x7c ../../libDaisy//build\libdaisy.a(system.o)
                0x08003bf8                daisy::System::ConfigureMpu()
 .text._ZN5daisy6System4InitERKNS0_6ConfigE
                0x08003c74       0xec ../../libDaisy//build\libdaisy.a(system.o)
                0x08003c74                daisy::System::Init(daisy::System::Config const&)
 .text._ZN5daisy6System12GetPClk1FreqEv
                0x08003d60        0x4 ../../libDaisy//build\libdaisy.a(system.o)
                0x08003d60                daisy::System::GetPClk1Freq()
 .text._ZN5daisy6System22GetProgramMemoryRegionEv
                0x08003d64       0x78 ../../libDaisy//build\libdaisy.a(system.o)
                0x08003d64                daisy::System::GetProgramMemoryRegion()
 .text.startup._GLOBAL__sub_I__ZN5daisy9boot_infoE
                0x08003ddc       0x1c ../../libDaisy//build\libdaisy.a(system.o)
 .text.SystemInit
                0x08003df8       0x98 ../../libDaisy//build\libdaisy.a(system_stm32h7xx.o)
                0x08003df8                SystemInit
 .text.HAL_PCD_SetupStageCallback
                0x08003e90        0xc ../../libDaisy//build\libdaisy.a(usbd_conf.o)
                0x08003e90                HAL_PCD_SetupStageCallback
 .text.HAL_PCD_DataOutStageCallback
                0x08003e9c       0x14 ../../libDaisy//build\libdaisy.a(usbd_conf.o)
                0x08003e9c                HAL_PCD_DataOutStageCallback
 .text.HAL_PCD_DataInStageCallback
                0x08003eb0       0x14 ../../libDaisy//build\libdaisy.a(usbd_conf.o)
                0x08003eb0                HAL_PCD_DataInStageCallback
 .text.HAL_PCD_SOFCallback
                0x08003ec4        0x8 ../../libDaisy//build\libdaisy.a(usbd_conf.o)
                0x08003ec4                HAL_PCD_SOFCallback
 .text.HAL_PCD_ResetCallback
                0x08003ecc       0x24 ../../libDaisy//build\libdaisy.a(usbd_conf.o)
                0x08003ecc                HAL_PCD_ResetCallback
 .text.HAL_PCD_SuspendCallback
                0x08003ef0       0x30 ../../libDaisy//build\libdaisy.a(usbd_conf.o)
                0x08003ef0                HAL_PCD_SuspendCallback
 .text.HAL_PCD_ResumeCallback
                0x08003f20        0x8 ../../libDaisy//build\libdaisy.a(usbd_conf.o)
                0x08003f20                HAL_PCD_ResumeCallback
 .text.HAL_PCD_ISOOUTIncompleteCallback
                0x08003f28        0x8 ../../libDaisy//build\libdaisy.a(usbd_conf.o)
                0x08003f28                HAL_PCD_ISOOUTIncompleteCallback
 .text.HAL_PCD_ISOINIncompleteCallback
                0x08003f30        0x8 ../../libDaisy//build\libdaisy.a(usbd_conf.o)
                0x08003f30                HAL_PCD_ISOINIncompleteCallback
 .text.HAL_PCD_ConnectCallback
                0x08003f38        0x8 ../../libDaisy//build\libdaisy.a(usbd_conf.o)
                0x08003f38                HAL_PCD_ConnectCallback
 .text.HAL_PCD_DisconnectCallback
                0x08003f40        0x8 ../../libDaisy//build\libdaisy.a(usbd_conf.o)
                0x08003f40                HAL_PCD_DisconnectCallback
 .text.USBD_LL_OpenEP
                0x08003f48       0x1c ../../libDaisy//build\libdaisy.a(usbd_conf.o)
                0x08003f48                USBD_LL_OpenEP
 .text.USBD_LL_StallEP
                0x08003f64       0x18 ../../libDaisy//build\libdaisy.a(usbd_conf.o)
                0x08003f64                USBD_LL_StallEP
 .text.USBD_LL_ClearStallEP
                0x08003f7c       0x18 ../../libDaisy//build\libdaisy.a(usbd_conf.o)
                0x08003f7c                USBD_LL_ClearStallEP
 .text.USBD_LL_IsStallEP
                0x08003f94       0x28 ../../libDaisy//build\libdaisy.a(usbd_conf.o)
                0x08003f94                USBD_LL_IsStallEP
 .text.USBD_LL_SetUSBAddress
                0x08003fbc       0x18 ../../libDaisy//build\libdaisy.a(usbd_conf.o)
                0x08003fbc                USBD_LL_SetUSBAddress
 .text.USBD_LL_Transmit
                0x08003fd4       0x18 ../../libDaisy//build\libdaisy.a(usbd_conf.o)
                0x08003fd4                USBD_LL_Transmit
 .text.USBD_LL_PrepareReceive
                0x08003fec       0x18 ../../libDaisy//build\libdaisy.a(usbd_conf.o)
                0x08003fec                USBD_LL_PrepareReceive
 .text.HAL_HCD_SOF_Callback
                0x08004004        0x8 ../../libDaisy//build\libdaisy.a(usbh_conf.o)
                0x08004004                HAL_HCD_SOF_Callback
 .text.HAL_HCD_Connect_Callback
                0x0800400c        0x8 ../../libDaisy//build\libdaisy.a(usbh_conf.o)
                0x0800400c                HAL_HCD_Connect_Callback
 .text.HAL_HCD_Disconnect_Callback
                0x08004014        0x8 ../../libDaisy//build\libdaisy.a(usbh_conf.o)
                0x08004014                HAL_HCD_Disconnect_Callback
 .text.HAL_HCD_HC_NotifyURBChange_Callback
                0x0800401c        0x4 ../../libDaisy//build\libdaisy.a(usbh_conf.o)
                0x0800401c                HAL_HCD_HC_NotifyURBChange_Callback
 .text.HAL_HCD_PortEnabled_Callback
                0x08004020        0x8 ../../libDaisy//build\libdaisy.a(usbh_conf.o)
                0x08004020                HAL_HCD_PortEnabled_Callback
 .text.HAL_HCD_PortDisabled_Callback
                0x08004028        0x8 ../../libDaisy//build\libdaisy.a(usbh_conf.o)
                0x08004028                HAL_HCD_PortDisabled_Callback
 .text.USBH_LL_Stop
                0x08004030       0x18 ../../libDaisy//build\libdaisy.a(usbh_conf.o)
                0x08004030                USBH_LL_Stop
 .text.dsy_hal_map_get_port
                0x08004048       0x10 ../../libDaisy//build\libdaisy.a(hal_map.o)
                0x08004048                dsy_hal_map_get_port
 .text.dsy_hal_map_get_pin
                0x08004058       0x10 ../../libDaisy//build\libdaisy.a(hal_map.o)
                0x08004058                dsy_hal_map_get_pin
 .text.dsy_hal_map_gpio_clk_enable
                0x08004068      0x150 ../../libDaisy//build\libdaisy.a(hal_map.o)
                0x08004068                dsy_hal_map_gpio_clk_enable
 .text.HAL_MspInit
                0x080041b8        0x4 ../../libDaisy//build\libdaisy.a(stm32h7xx_hal.o)
                0x080041b8                HAL_MspInit
 .text.HAL_InitTick
                0x080041bc       0x4c ../../libDaisy//build\libdaisy.a(stm32h7xx_hal.o)
                0x080041bc                HAL_InitTick
 .text.HAL_Init
                0x08004208       0x60 ../../libDaisy//build\libdaisy.a(stm32h7xx_hal.o)
                0x08004208                HAL_Init
 .text.HAL_IncTick
                0x08004268       0x18 ../../libDaisy//build\libdaisy.a(stm32h7xx_hal.o)
                0x08004268                HAL_IncTick
 .text.HAL_GetTick
                0x08004280        0xc ../../libDaisy//build\libdaisy.a(stm32h7xx_hal.o)
                0x08004280                HAL_GetTick
 .text.HAL_Delay
                0x0800428c       0x24 ../../libDaisy//build\libdaisy.a(stm32h7xx_hal.o)
                0x0800428c                HAL_Delay
 .text.HAL_GetREVID
                0x080042b0        0xc ../../libDaisy//build\libdaisy.a(stm32h7xx_hal.o)
                0x080042b0                HAL_GetREVID
 .text.HAL_ADC_ConvHalfCpltCallback
                0x080042bc        0x4 ../../libDaisy//build\libdaisy.a(stm32h7xx_hal_adc.o)
                0x080042bc                HAL_ADC_ConvHalfCpltCallback
 .text.ADC_DMAHalfConvCplt
                0x080042c0        0xc ../../libDaisy//build\libdaisy.a(stm32h7xx_hal_adc.o)
                0x080042c0                ADC_DMAHalfConvCplt
 .text.ADC_DMAConvCplt
                0x080042cc       0x6c ../../libDaisy//build\libdaisy.a(stm32h7xx_hal_adc.o)
                0x080042cc                ADC_DMAConvCplt
 .text.ADC_DMAError
                0x08004338       0x1c ../../libDaisy//build\libdaisy.a(stm32h7xx_hal_adc.o)
                0x08004338                ADC_DMAError
 .text.HAL_ADC_ConfigChannel
                0x08004354      0x390 ../../libDaisy//build\libdaisy.a(stm32h7xx_hal_adc.o)
                0x08004354                HAL_ADC_ConfigChannel
 .text.ADC_Enable
                0x080046e4       0xb0 ../../libDaisy//build\libdaisy.a(stm32h7xx_hal_adc.o)
                0x080046e4                ADC_Enable
 .text.HAL_ADC_Start_DMA
                0x08004794      0x108 ../../libDaisy//build\libdaisy.a(stm32h7xx_hal_adc.o)
                0x08004794                HAL_ADC_Start_DMA
 .text.ADC_Disable
                0x0800489c       0x64 ../../libDaisy//build\libdaisy.a(stm32h7xx_hal_adc.o)
                0x0800489c                ADC_Disable
 .text.ADC_ConfigureBoostMode
                0x08004900      0x17c ../../libDaisy//build\libdaisy.a(stm32h7xx_hal_adc.o)
                0x08004900                ADC_ConfigureBoostMode
 .text.HAL_ADC_Init
                0x08004a7c      0x214 ../../libDaisy//build\libdaisy.a(stm32h7xx_hal_adc.o)
                0x08004a7c                HAL_ADC_Init
 .text.HAL_ADCEx_Calibration_Start
                0x08004c90       0xa4 ../../libDaisy//build\libdaisy.a(stm32h7xx_hal_adc_ex.o)
                0x08004c90                HAL_ADCEx_Calibration_Start
 .text.HAL_ADCEx_MultiModeConfigChannel
                0x08004d34       0xb4 ../../libDaisy//build\libdaisy.a(stm32h7xx_hal_adc_ex.o)
                0x08004d34                HAL_ADCEx_MultiModeConfigChannel
 .text.HAL_NVIC_SetPriorityGrouping
                0x08004de8       0x24 ../../libDaisy//build\libdaisy.a(stm32h7xx_hal_cortex.o)
                0x08004de8                HAL_NVIC_SetPriorityGrouping
 .text.HAL_NVIC_SetPriority
                0x08004e0c       0x78 ../../libDaisy//build\libdaisy.a(stm32h7xx_hal_cortex.o)
                0x08004e0c                HAL_NVIC_SetPriority
 .text.HAL_NVIC_EnableIRQ
                0x08004e84       0x1c ../../libDaisy//build\libdaisy.a(stm32h7xx_hal_cortex.o)
                0x08004e84                HAL_NVIC_EnableIRQ
 .text.HAL_NVIC_DisableIRQ
                0x08004ea0       0x24 ../../libDaisy//build\libdaisy.a(stm32h7xx_hal_cortex.o)
                0x08004ea0                HAL_NVIC_DisableIRQ
 .text.HAL_SYSTICK_Config
                0x08004ec4       0x2c ../../libDaisy//build\libdaisy.a(stm32h7xx_hal_cortex.o)
                0x08004ec4                HAL_SYSTICK_Config
 .text.HAL_MPU_Disable
                0x08004ef0       0x1c ../../libDaisy//build\libdaisy.a(stm32h7xx_hal_cortex.o)
                0x08004ef0                HAL_MPU_Disable
 .text.HAL_MPU_Enable
                0x08004f0c       0x20 ../../libDaisy//build\libdaisy.a(stm32h7xx_hal_cortex.o)
                0x08004f0c                HAL_MPU_Enable
 .text.HAL_MPU_ConfigRegion
                0x08004f2c       0x64 ../../libDaisy//build\libdaisy.a(stm32h7xx_hal_cortex.o)
                0x08004f2c                HAL_MPU_ConfigRegion
 .text.HAL_SYSTICK_Callback
                0x08004f90        0x4 ../../libDaisy//build\libdaisy.a(stm32h7xx_hal_cortex.o)
                0x08004f90                HAL_SYSTICK_Callback
 .text.HAL_SYSTICK_IRQHandler
                0x08004f94        0x8 ../../libDaisy//build\libdaisy.a(stm32h7xx_hal_cortex.o)
                0x08004f94                HAL_SYSTICK_IRQHandler
 .text.DMA_CalcBaseAndBitshift
                0x08004f9c      0x100 ../../libDaisy//build\libdaisy.a(stm32h7xx_hal_dma.o)
 .text.DMA_CalcDMAMUXChannelBaseAndMask
                0x0800509c       0xd4 ../../libDaisy//build\libdaisy.a(stm32h7xx_hal_dma.o)
 .text.HAL_DMA_Init
                0x08005170      0x368 ../../libDaisy//build\libdaisy.a(stm32h7xx_hal_dma.o)
                0x08005170                HAL_DMA_Init
 .text.HAL_DMA_Start_IT
                0x080054d8      0x288 ../../libDaisy//build\libdaisy.a(stm32h7xx_hal_dma.o)
                0x080054d8                HAL_DMA_Start_IT
 .text.HAL_DMA_Abort_IT
                0x08005760      0x134 ../../libDaisy//build\libdaisy.a(stm32h7xx_hal_dma.o)
                0x08005760                HAL_DMA_Abort_IT
 .text.HAL_DMA_IRQHandler
                0x08005894      0x424 ../../libDaisy//build\libdaisy.a(stm32h7xx_hal_dma.o)
                0x08005894                HAL_DMA_IRQHandler
 .text.HAL_DMA_GetError
                0x08005cb8        0x4 ../../libDaisy//build\libdaisy.a(stm32h7xx_hal_dma.o)
                0x08005cb8                HAL_DMA_GetError
 .text.HAL_GPIO_Init
                0x08005cbc      0x41c ../../libDaisy//build\libdaisy.a(stm32h7xx_hal_gpio.o)
                0x08005cbc                HAL_GPIO_Init
 .text.HAL_GPIO_DeInit
                0x080060d8      0x258 ../../libDaisy//build\libdaisy.a(stm32h7xx_hal_gpio.o)
                0x080060d8                HAL_GPIO_DeInit
 .text.HAL_GPIO_ReadPin
                0x08006330        0xc ../../libDaisy//build\libdaisy.a(stm32h7xx_hal_gpio.o)
                0x08006330                HAL_GPIO_ReadPin
 .text.HAL_GPIO_WritePin
                0x0800633c        0x8 ../../libDaisy//build\libdaisy.a(stm32h7xx_hal_gpio.o)
                0x0800633c                HAL_GPIO_WritePin
 .text.HAL_HCD_IRQHandler
                0x08006344      0x764 ../../libDaisy//build\libdaisy.a(stm32h7xx_hal_hcd.o)
                0x08006344                HAL_HCD_IRQHandler
 .text.HAL_HCD_Stop
                0x08006aa8       0x28 ../../libDaisy//build\libdaisy.a(stm32h7xx_hal_hcd.o)
                0x08006aa8                HAL_HCD_Stop
 .text.I2C_WaitOnTXISFlagUntilTimeout
                0x08006ad0       0xbc ../../libDaisy//build\libdaisy.a(stm32h7xx_hal_i2c.o)
 .text.I2C_WaitOnSTOPFlagUntilTimeout
                0x08006b8c       0xa8 ../../libDaisy//build\libdaisy.a(stm32h7xx_hal_i2c.o)
 .text.HAL_I2C_Init
                0x08006c34       0xac ../../libDaisy//build\libdaisy.a(stm32h7xx_hal_i2c.o)
                0x08006c34                HAL_I2C_Init
 .text.HAL_I2C_Master_Transmit
                0x08006ce0      0x198 ../../libDaisy//build\libdaisy.a(stm32h7xx_hal_i2c.o)
                0x08006ce0                HAL_I2C_Master_Transmit
 .text.HAL_I2C_Slave_Transmit
                0x08006e78      0x1cc ../../libDaisy//build\libdaisy.a(stm32h7xx_hal_i2c.o)
                0x08006e78                HAL_I2C_Slave_Transmit
 .text.HAL_I2C_EV_IRQHandler
                0x08007044       0x10 ../../libDaisy//build\libdaisy.a(stm32h7xx_hal_i2c.o)
                0x08007044                HAL_I2C_EV_IRQHandler
 .text.HAL_I2C_GetState
                0x08007054        0x8 ../../libDaisy//build\libdaisy.a(stm32h7xx_hal_i2c.o)
                0x08007054                HAL_I2C_GetState
 .text.HAL_I2CEx_ConfigAnalogFilter
                0x0800705c       0x54 ../../libDaisy//build\libdaisy.a(stm32h7xx_hal_i2c_ex.o)
                0x0800705c                HAL_I2CEx_ConfigAnalogFilter
 .text.HAL_I2CEx_ConfigDigitalFilter
                0x080070b0       0x58 ../../libDaisy//build\libdaisy.a(stm32h7xx_hal_i2c_ex.o)
                0x080070b0                HAL_I2CEx_ConfigDigitalFilter
 .text.HAL_PCD_IRQHandler
                0x08007108      0x6c4 ../../libDaisy//build\libdaisy.a(stm32h7xx_hal_pcd.o)
                0x08007108                HAL_PCD_IRQHandler
 .text.HAL_PCD_SetAddress
                0x080077cc       0x2c ../../libDaisy//build\libdaisy.a(stm32h7xx_hal_pcd.o)
                0x080077cc                HAL_PCD_SetAddress
 .text.HAL_PCD_EP_Open
                0x080077f8       0x7c ../../libDaisy//build\libdaisy.a(stm32h7xx_hal_pcd.o)
                0x080077f8                HAL_PCD_EP_Open
 .text.HAL_PCD_EP_Receive
                0x08007874       0x50 ../../libDaisy//build\libdaisy.a(stm32h7xx_hal_pcd.o)
                0x08007874                HAL_PCD_EP_Receive
 .text.HAL_PCD_EP_Transmit
                0x080078c4       0x50 ../../libDaisy//build\libdaisy.a(stm32h7xx_hal_pcd.o)
                0x080078c4                HAL_PCD_EP_Transmit
 .text.HAL_PCD_EP_SetStall
                0x08007914       0x88 ../../libDaisy//build\libdaisy.a(stm32h7xx_hal_pcd.o)
                0x08007914                HAL_PCD_EP_SetStall
 .text.HAL_PCD_EP_ClrStall
                0x0800799c       0x78 ../../libDaisy//build\libdaisy.a(stm32h7xx_hal_pcd.o)
                0x0800799c                HAL_PCD_EP_ClrStall
 .text.HAL_PCDEx_LPM_Callback
                0x08007a14        0x4 ../../libDaisy//build\libdaisy.a(stm32h7xx_hal_pcd_ex.o)
                0x08007a14                HAL_PCDEx_LPM_Callback
 .text.HAL_PWREx_ConfigSupply
                0x08007a18       0x4c ../../libDaisy//build\libdaisy.a(stm32h7xx_hal_pwr_ex.o)
                0x08007a18                HAL_PWREx_ConfigSupply
 .text.HAL_PWREx_EnableUSBVoltageDetector
                0x08007a64       0x10 ../../libDaisy//build\libdaisy.a(stm32h7xx_hal_pwr_ex.o)
                0x08007a64                HAL_PWREx_EnableUSBVoltageDetector
 .text.QSPI_Config
                0x08007a74      0x188 ../../libDaisy//build\libdaisy.a(stm32h7xx_hal_qspi.o)
 .text.HAL_QSPI_Init
                0x08007bfc       0xdc ../../libDaisy//build\libdaisy.a(stm32h7xx_hal_qspi.o)
                0x08007bfc                HAL_QSPI_Init
 .text.HAL_QSPI_DeInit
                0x08007cd8       0x3c ../../libDaisy//build\libdaisy.a(stm32h7xx_hal_qspi.o)
                0x08007cd8                HAL_QSPI_DeInit
 .text.HAL_QSPI_Command
                0x08007d14       0xdc ../../libDaisy//build\libdaisy.a(stm32h7xx_hal_qspi.o)
                0x08007d14                HAL_QSPI_Command
 .text.HAL_QSPI_Transmit
                0x08007df0      0x11c ../../libDaisy//build\libdaisy.a(stm32h7xx_hal_qspi.o)
                0x08007df0                HAL_QSPI_Transmit
 .text.HAL_QSPI_Receive
                0x08007f0c      0x128 ../../libDaisy//build\libdaisy.a(stm32h7xx_hal_qspi.o)
                0x08007f0c                HAL_QSPI_Receive
 .text.HAL_QSPI_AutoPolling
                0x08008034      0x11c ../../libDaisy//build\libdaisy.a(stm32h7xx_hal_qspi.o)
                0x08008034                HAL_QSPI_AutoPolling
 .text.HAL_QSPI_MemoryMapped
                0x08008150       0xc4 ../../libDaisy//build\libdaisy.a(stm32h7xx_hal_qspi.o)
                0x08008150                HAL_QSPI_MemoryMapped
 .text.HAL_QSPI_ErrorCallback
                0x08008214        0x4 ../../libDaisy//build\libdaisy.a(stm32h7xx_hal_qspi.o)
                0x08008214                HAL_QSPI_ErrorCallback
 .text.QSPI_DMAAbortCplt
                0x08008218       0x38 ../../libDaisy//build\libdaisy.a(stm32h7xx_hal_qspi.o)
 .text.HAL_QSPI_AbortCpltCallback
                0x08008250        0x4 ../../libDaisy//build\libdaisy.a(stm32h7xx_hal_qspi.o)
                0x08008250                HAL_QSPI_AbortCpltCallback
 .text.HAL_QSPI_CmdCpltCallback
                0x08008254        0x4 ../../libDaisy//build\libdaisy.a(stm32h7xx_hal_qspi.o)
                0x08008254                HAL_QSPI_CmdCpltCallback
 .text.HAL_QSPI_RxCpltCallback
                0x08008258        0x4 ../../libDaisy//build\libdaisy.a(stm32h7xx_hal_qspi.o)
                0x08008258                HAL_QSPI_RxCpltCallback
 .text.HAL_QSPI_TxCpltCallback
                0x0800825c        0x4 ../../libDaisy//build\libdaisy.a(stm32h7xx_hal_qspi.o)
                0x0800825c                HAL_QSPI_TxCpltCallback
 .text.HAL_QSPI_FifoThresholdCallback
                0x08008260        0x4 ../../libDaisy//build\libdaisy.a(stm32h7xx_hal_qspi.o)
                0x08008260                HAL_QSPI_FifoThresholdCallback
 .text.HAL_QSPI_StatusMatchCallback
                0x08008264        0x4 ../../libDaisy//build\libdaisy.a(stm32h7xx_hal_qspi.o)
                0x08008264                HAL_QSPI_StatusMatchCallback
 .text.HAL_QSPI_TimeOutCallback
                0x08008268        0x4 ../../libDaisy//build\libdaisy.a(stm32h7xx_hal_qspi.o)
                0x08008268                HAL_QSPI_TimeOutCallback
 .text.HAL_QSPI_IRQHandler
                0x0800826c      0x210 ../../libDaisy//build\libdaisy.a(stm32h7xx_hal_qspi.o)
                0x0800826c                HAL_QSPI_IRQHandler
 .text.HAL_RCC_OscConfig
                0x0800847c      0x518 ../../libDaisy//build\libdaisy.a(stm32h7xx_hal_rcc.o)
                0x0800847c                HAL_RCC_OscConfig
 .text.HAL_RCC_GetSysClockFreq
                0x08008994      0x11c ../../libDaisy//build\libdaisy.a(stm32h7xx_hal_rcc.o)
                0x08008994                HAL_RCC_GetSysClockFreq
 .text.HAL_RCC_ClockConfig
                0x08008ab0      0x238 ../../libDaisy//build\libdaisy.a(stm32h7xx_hal_rcc.o)
                0x08008ab0                HAL_RCC_ClockConfig
 .text.HAL_RCC_GetHCLKFreq
                0x08008ce8       0x2c ../../libDaisy//build\libdaisy.a(stm32h7xx_hal_rcc.o)
                0x08008ce8                HAL_RCC_GetHCLKFreq
 .text.HAL_RCC_GetPCLK1Freq
                0x08008d14       0x38 ../../libDaisy//build\libdaisy.a(stm32h7xx_hal_rcc.o)
                0x08008d14                HAL_RCC_GetPCLK1Freq
 .text.HAL_RCC_GetPCLK2Freq
                0x08008d4c       0x38 ../../libDaisy//build\libdaisy.a(stm32h7xx_hal_rcc.o)
                0x08008d4c                HAL_RCC_GetPCLK2Freq
 .text.RCCEx_PLL2_Config.part.0
                0x08008d84       0xe0 ../../libDaisy//build\libdaisy.a(stm32h7xx_hal_rcc_ex.o)
 .text.RCCEx_PLL3_Config.part.0
                0x08008e64       0xe0 ../../libDaisy//build\libdaisy.a(stm32h7xx_hal_rcc_ex.o)
 .text.HAL_RCCEx_PeriphCLKConfig
                0x08008f44      0xcc4 ../../libDaisy//build\libdaisy.a(stm32h7xx_hal_rcc_ex.o)
                0x08008f44                HAL_RCCEx_PeriphCLKConfig
 .text.HAL_RCCEx_GetD3PCLK1Freq
                0x08009c08       0x24 ../../libDaisy//build\libdaisy.a(stm32h7xx_hal_rcc_ex.o)
                0x08009c08                HAL_RCCEx_GetD3PCLK1Freq
 .text.HAL_RCCEx_GetPLL2ClockFreq
                0x08009c2c      0x134 ../../libDaisy//build\libdaisy.a(stm32h7xx_hal_rcc_ex.o)
                0x08009c2c                HAL_RCCEx_GetPLL2ClockFreq
 .text.HAL_RCCEx_GetPLL3ClockFreq
                0x08009d60      0x134 ../../libDaisy//build\libdaisy.a(stm32h7xx_hal_rcc_ex.o)
                0x08009d60                HAL_RCCEx_GetPLL3ClockFreq
 .text.HAL_RCCEx_GetPLL1ClockFreq
                0x08009e94      0x134 ../../libDaisy//build\libdaisy.a(stm32h7xx_hal_rcc_ex.o)
                0x08009e94                HAL_RCCEx_GetPLL1ClockFreq
 .text.HAL_RCCEx_GetPeriphCLKFreq
                0x08009fc8      0x150 ../../libDaisy//build\libdaisy.a(stm32h7xx_hal_rcc_ex.o)
                0x08009fc8                HAL_RCCEx_GetPeriphCLKFreq
 .text.HAL_RCCEx_GetD1SysClockFreq
                0x0800a118       0x2c ../../libDaisy//build\libdaisy.a(stm32h7xx_hal_rcc_ex.o)
                0x0800a118                HAL_RCCEx_GetD1SysClockFreq
 .text.HAL_SAI_Init
                0x0800a144      0x380 ../../libDaisy//build\libdaisy.a(stm32h7xx_hal_sai.o)
                0x0800a144                HAL_SAI_Init
 .text.HAL_SAI_InitProtocol
                0x0800a4c4      0x15c ../../libDaisy//build\libdaisy.a(stm32h7xx_hal_sai.o)
                0x0800a4c4                HAL_SAI_InitProtocol
 .text.HAL_SAI_Transmit_DMA
                0x0800a620      0x114 ../../libDaisy//build\libdaisy.a(stm32h7xx_hal_sai.o)
                0x0800a620                HAL_SAI_Transmit_DMA
 .text.HAL_SAI_Receive_DMA
                0x0800a734       0xc8 ../../libDaisy//build\libdaisy.a(stm32h7xx_hal_sai.o)
                0x0800a734                HAL_SAI_Receive_DMA
 .text.HAL_SAI_TxCpltCallback
                0x0800a7fc        0x4 ../../libDaisy//build\libdaisy.a(stm32h7xx_hal_sai.o)
                0x0800a7fc                HAL_SAI_TxCpltCallback
 .text.SAI_DMATxCplt
                0x0800a800       0x64 ../../libDaisy//build\libdaisy.a(stm32h7xx_hal_sai.o)
 .text.HAL_SAI_TxHalfCpltCallback
                0x0800a864        0x4 ../../libDaisy//build\libdaisy.a(stm32h7xx_hal_sai.o)
                0x0800a864                HAL_SAI_TxHalfCpltCallback
 .text.SAI_DMATxHalfCplt
                0x0800a868        0xc ../../libDaisy//build\libdaisy.a(stm32h7xx_hal_sai.o)
 .text.SAI_DMARxCplt
                0x0800a874       0x64 ../../libDaisy//build\libdaisy.a(stm32h7xx_hal_sai.o)
 .text.SAI_DMARxHalfCplt
                0x0800a8d8        0xc ../../libDaisy//build\libdaisy.a(stm32h7xx_hal_sai.o)
 .text.HAL_SAI_ErrorCallback
                0x0800a8e4        0x4 ../../libDaisy//build\libdaisy.a(stm32h7xx_hal_sai.o)
                0x0800a8e4                HAL_SAI_ErrorCallback
 .text.SAI_DMAError
                0x0800a8e8       0x6c ../../libDaisy//build\libdaisy.a(stm32h7xx_hal_sai.o)
 .text.HAL_SDRAM_Init
                0x0800a954       0x54 ../../libDaisy//build\libdaisy.a(stm32h7xx_hal_sdram.o)
                0x0800a954                HAL_SDRAM_Init
 .text.HAL_SDRAM_SendCommand
                0x0800a9a8       0x40 ../../libDaisy//build\libdaisy.a(stm32h7xx_hal_sdram.o)
                0x0800a9a8                HAL_SDRAM_SendCommand
 .text.HAL_SDRAM_ProgramRefreshRate
                0x0800a9e8       0x30 ../../libDaisy//build\libdaisy.a(stm32h7xx_hal_sdram.o)
                0x0800a9e8                HAL_SDRAM_ProgramRefreshRate
 .text.FMC_SDRAM_Init
                0x0800aa18       0x6c ../../libDaisy//build\libdaisy.a(stm32h7xx_ll_fmc.o)
                0x0800aa18                FMC_SDRAM_Init
 .text.FMC_SDRAM_Timing_Init
                0x0800aa84       0x7c ../../libDaisy//build\libdaisy.a(stm32h7xx_ll_fmc.o)
                0x0800aa84                FMC_SDRAM_Timing_Init
 .text.FMC_SDRAM_SendCommand
                0x0800ab00       0x28 ../../libDaisy//build\libdaisy.a(stm32h7xx_ll_fmc.o)
                0x0800ab00                FMC_SDRAM_SendCommand
 .text.FMC_SDRAM_ProgramRefreshRate
                0x0800ab28       0x14 ../../libDaisy//build\libdaisy.a(stm32h7xx_ll_fmc.o)
                0x0800ab28                FMC_SDRAM_ProgramRefreshRate
 .text.USB_SetTurnaroundTime
                0x0800ab3c      0x104 ../../libDaisy//build\libdaisy.a(stm32h7xx_ll_usb.o)
                0x0800ab3c                USB_SetTurnaroundTime
 .text.USB_FlushTxFifo
                0x0800ac40       0x34 ../../libDaisy//build\libdaisy.a(stm32h7xx_ll_usb.o)
                0x0800ac40                USB_FlushTxFifo
 .text.USB_GetDevSpeed
                0x0800ac74       0x24 ../../libDaisy//build\libdaisy.a(stm32h7xx_ll_usb.o)
                0x0800ac74                USB_GetDevSpeed
 .text.USB_ActivateEndpoint
                0x0800ac98       0x8c ../../libDaisy//build\libdaisy.a(stm32h7xx_ll_usb.o)
                0x0800ac98                USB_ActivateEndpoint
 .text.USB_EPStartXfer
                0x0800ad24      0x214 ../../libDaisy//build\libdaisy.a(stm32h7xx_ll_usb.o)
                0x0800ad24                USB_EPStartXfer
 .text.USB_EP0StartXfer
                0x0800af38       0xf8 ../../libDaisy//build\libdaisy.a(stm32h7xx_ll_usb.o)
                0x0800af38                USB_EP0StartXfer
 .text.USB_WritePacket
                0x0800b030       0x2c ../../libDaisy//build\libdaisy.a(stm32h7xx_ll_usb.o)
                0x0800b030                USB_WritePacket
 .text.USB_ReadPacket
                0x0800b05c       0x20 ../../libDaisy//build\libdaisy.a(stm32h7xx_ll_usb.o)
                0x0800b05c                USB_ReadPacket
 .text.USB_EPSetStall
                0x0800b07c       0x70 ../../libDaisy//build\libdaisy.a(stm32h7xx_ll_usb.o)
                0x0800b07c                USB_EPSetStall
 .text.USB_EPClearStall
                0x0800b0ec       0x58 ../../libDaisy//build\libdaisy.a(stm32h7xx_ll_usb.o)
                0x0800b0ec                USB_EPClearStall
 .text.USB_SetDevAddress
                0x0800b144       0x24 ../../libDaisy//build\libdaisy.a(stm32h7xx_ll_usb.o)
                0x0800b144                USB_SetDevAddress
 .text.USB_ReadInterrupts
                0x0800b168       0x14 ../../libDaisy//build\libdaisy.a(stm32h7xx_ll_usb.o)
                0x0800b168                USB_ReadInterrupts
 .text.USB_ReadDevAllOutEpInterrupt
                0x0800b17c       0x1c ../../libDaisy//build\libdaisy.a(stm32h7xx_ll_usb.o)
                0x0800b17c                USB_ReadDevAllOutEpInterrupt
 .text.USB_ReadDevAllInEpInterrupt
                0x0800b198       0x1c ../../libDaisy//build\libdaisy.a(stm32h7xx_ll_usb.o)
                0x0800b198                USB_ReadDevAllInEpInterrupt
 .text.USB_ReadDevOutEPInterrupt
                0x0800b1b4       0x1c ../../libDaisy//build\libdaisy.a(stm32h7xx_ll_usb.o)
                0x0800b1b4                USB_ReadDevOutEPInterrupt
 .text.USB_ReadDevInEPInterrupt
                0x0800b1d0       0x38 ../../libDaisy//build\libdaisy.a(stm32h7xx_ll_usb.o)
                0x0800b1d0                USB_ReadDevInEPInterrupt
 .text.USB_GetMode
                0x0800b208        0x8 ../../libDaisy//build\libdaisy.a(stm32h7xx_ll_usb.o)
                0x0800b208                USB_GetMode
 .text.USB_ActivateSetup
                0x0800b210       0x34 ../../libDaisy//build\libdaisy.a(stm32h7xx_ll_usb.o)
                0x0800b210                USB_ActivateSetup
 .text.USB_EP0_OutStart
                0x0800b244       0x50 ../../libDaisy//build\libdaisy.a(stm32h7xx_ll_usb.o)
                0x0800b244                USB_EP0_OutStart
 .text.USB_InitFSLSPClkSel
                0x0800b294       0x44 ../../libDaisy//build\libdaisy.a(stm32h7xx_ll_usb.o)
                0x0800b294                USB_InitFSLSPClkSel
 .text.USB_HC_ReadInterrupt
                0x0800b2d8        0x8 ../../libDaisy//build\libdaisy.a(stm32h7xx_ll_usb.o)
                0x0800b2d8                USB_HC_ReadInterrupt
 .text.USB_HC_Halt
                0x0800b2e0       0xc0 ../../libDaisy//build\libdaisy.a(stm32h7xx_ll_usb.o)
                0x0800b2e0                USB_HC_Halt
 .text.USB_StopHost
                0x0800b3a0      0x2ec ../../libDaisy//build\libdaisy.a(stm32h7xx_ll_usb.o)
                0x0800b3a0                USB_StopHost
 .text.USBD_SetClassConfig
                0x0800b68c       0x1c ../../libDaisy//build\libdaisy.a(usbd_core.o)
                0x0800b68c                USBD_SetClassConfig
 .text.USBD_ClrClassConfig
                0x0800b6a8       0x10 ../../libDaisy//build\libdaisy.a(usbd_core.o)
                0x0800b6a8                USBD_ClrClassConfig
 .text.USBD_LL_SetupStage
                0x0800b6b8       0x5c ../../libDaisy//build\libdaisy.a(usbd_core.o)
                0x0800b6b8                USBD_LL_SetupStage
 .text.USBD_LL_DataOutStage
                0x0800b714       0x74 ../../libDaisy//build\libdaisy.a(usbd_core.o)
                0x0800b714                USBD_LL_DataOutStage
 .text.USBD_LL_DataInStage
                0x0800b788       0xc4 ../../libDaisy//build\libdaisy.a(usbd_core.o)
                0x0800b788                USBD_LL_DataInStage
 .text.USBD_LL_Reset
                0x0800b84c       0x50 ../../libDaisy//build\libdaisy.a(usbd_core.o)
                0x0800b84c                USBD_LL_Reset
 .text.USBD_LL_SetSpeed
                0x0800b89c        0x8 ../../libDaisy//build\libdaisy.a(usbd_core.o)
                0x0800b89c                USBD_LL_SetSpeed
 .text.USBD_LL_Suspend
                0x0800b8a4       0x14 ../../libDaisy//build\libdaisy.a(usbd_core.o)
                0x0800b8a4                USBD_LL_Suspend
 .text.USBD_LL_Resume
                0x0800b8b8       0x10 ../../libDaisy//build\libdaisy.a(usbd_core.o)
                0x0800b8b8                USBD_LL_Resume
 .text.USBD_LL_SOF
                0x0800b8c8       0x1c ../../libDaisy//build\libdaisy.a(usbd_core.o)
                0x0800b8c8                USBD_LL_SOF
 .text.USBD_LL_IsoINIncomplete
                0x0800b8e4        0x4 ../../libDaisy//build\libdaisy.a(usbd_core.o)
                0x0800b8e4                USBD_LL_IsoINIncomplete
 .text.USBD_LL_IsoOUTIncomplete
                0x0800b8e8        0x4 ../../libDaisy//build\libdaisy.a(usbd_core.o)
                0x0800b8e8                USBD_LL_IsoOUTIncomplete
 .text.USBD_LL_DevConnected
                0x0800b8ec        0x4 ../../libDaisy//build\libdaisy.a(usbd_core.o)
                0x0800b8ec                USBD_LL_DevConnected
 .text.USBD_LL_DevDisconnected
                0x0800b8f0       0x18 ../../libDaisy//build\libdaisy.a(usbd_core.o)
                0x0800b8f0                USBD_LL_DevDisconnected
 .text.USBD_StdDevReq
                0x0800b908      0x300 ../../libDaisy//build\libdaisy.a(usbd_ctlreq.o)
                0x0800b908                USBD_StdDevReq
 .text.USBD_StdItfReq
                0x0800bc08       0x68 ../../libDaisy//build\libdaisy.a(usbd_ctlreq.o)
                0x0800bc08                USBD_StdItfReq
 .text.USBD_StdEPReq
                0x0800bc70      0x134 ../../libDaisy//build\libdaisy.a(usbd_ctlreq.o)
                0x0800bc70                USBD_StdEPReq
 .text.USBD_ParseSetupRequest
                0x0800bda4       0x18 ../../libDaisy//build\libdaisy.a(usbd_ctlreq.o)
                0x0800bda4                USBD_ParseSetupRequest
 .text.USBD_CtlSendData
                0x0800bdbc       0x1c ../../libDaisy//build\libdaisy.a(usbd_ioreq.o)
                0x0800bdbc                USBD_CtlSendData
 .text.USBD_CtlContinueSendData
                0x0800bdd8       0x14 ../../libDaisy//build\libdaisy.a(usbd_ioreq.o)
                0x0800bdd8                USBD_CtlContinueSendData
 .text.USBD_CtlContinueRx
                0x0800bdec       0x14 ../../libDaisy//build\libdaisy.a(usbd_ioreq.o)
                0x0800bdec                USBD_CtlContinueRx
 .text.USBD_CtlSendStatus
                0x0800be00       0x18 ../../libDaisy//build\libdaisy.a(usbd_ioreq.o)
                0x0800be00                USBD_CtlSendStatus
 .text.USBD_CtlReceiveStatus
                0x0800be18       0x18 ../../libDaisy//build\libdaisy.a(usbd_ioreq.o)
                0x0800be18                USBD_CtlReceiveStatus
 .text.USBH_LL_IncTimer
                0x0800be30       0x20 ../../libDaisy//build\libdaisy.a(usbh_core.o)
                0x0800be30                USBH_LL_IncTimer
 .text.USBH_LL_PortEnabled
                0x0800be50        0x8 ../../libDaisy//build\libdaisy.a(usbh_core.o)
                0x0800be50                USBH_LL_PortEnabled
 .text.USBH_LL_PortDisabled
                0x0800be58        0x8 ../../libDaisy//build\libdaisy.a(usbh_core.o)
                0x0800be58                USBH_LL_PortDisabled
 .text.USBH_LL_Connect
                0x0800be60       0x18 ../../libDaisy//build\libdaisy.a(usbh_core.o)
                0x0800be60                USBH_LL_Connect
 .text.USBH_LL_Disconnect
                0x0800be78       0x2c ../../libDaisy//build\libdaisy.a(usbh_core.o)
                0x0800be78                USBH_LL_Disconnect
 .text.USBH_FreePipe
                0x0800bea4       0x18 ../../libDaisy//build\libdaisy.a(usbh_pipes.o)
                0x0800bea4                USBH_FreePipe
 .text._ZN5daisy6Random4InitEv
                0x0800bebc       0x3c ../../libDaisy//build\libdaisy.a(rng.o)
                0x0800bebc                daisy::Random::Init()
 .text._ZN5daisy9SpiHandle4Impl7InitDmaEv
                0x0800bef8       0xec ../../libDaisy//build\libdaisy.a(spi.o)
                0x0800bef8                daisy::SpiHandle::Impl::InitDma()
 .text._ZN5daisy9SpiHandle4Impl10StartDmaTxEPhjPFvPvEPFvS3_NS0_6ResultEES3_
                0x0800bfe4       0xbc ../../libDaisy//build\libdaisy.a(spi.o)
                0x0800bfe4                daisy::SpiHandle::Impl::StartDmaTx(unsigned char*, unsigned int, void (*)(void*), void (*)(void*, daisy::SpiHandle::Result), void*)
 .text._ZN5daisy9SpiHandle4Impl10StartDmaRxEPhjPFvPvEPFvS3_NS0_6ResultEES3_
                0x0800c0a0       0xbc ../../libDaisy//build\libdaisy.a(spi.o)
                0x0800c0a0                daisy::SpiHandle::Impl::StartDmaRx(unsigned char*, unsigned int, void (*)(void*), void (*)(void*, daisy::SpiHandle::Result), void*)
 .text._ZN5daisy9SpiHandle4Impl12StartDmaRxTxEPhS2_jPFvPvEPFvS3_NS0_6ResultEES3_
                0x0800c15c       0xbc ../../libDaisy//build\libdaisy.a(spi.o)
                0x0800c15c                daisy::SpiHandle::Impl::StartDmaRxTx(unsigned char*, unsigned char*, unsigned int, void (*)(void*), void (*)(void*, daisy::SpiHandle::Result), void*)
 .text._ZN5daisy9SpiHandle4Impl8InitPinsEv
                0x0800c218      0x214 ../../libDaisy//build\libdaisy.a(spi.o)
                0x0800c218                daisy::SpiHandle::Impl::InitPins()
 .text.HAL_SPI_MspInit
                0x0800c42c      0x1a8 ../../libDaisy//build\libdaisy.a(spi.o)
                0x0800c42c                HAL_SPI_MspInit
 .text.dsy_spi_global_init
                0x0800c5d4       0x80 ../../libDaisy//build\libdaisy.a(spi.o)
                0x0800c5d4                dsy_spi_global_init
 .text.SPI1_IRQHandler
                0x0800c654        0xc ../../libDaisy//build\libdaisy.a(spi.o)
                0x0800c654                SPI1_IRQHandler
 .text.SPI2_IRQHandler
                0x0800c660        0xc ../../libDaisy//build\libdaisy.a(spi.o)
                0x0800c660                SPI2_IRQHandler
 .text.SPI3_IRQHandler
                0x0800c66c        0xc ../../libDaisy//build\libdaisy.a(spi.o)
                0x0800c66c                SPI3_IRQHandler
 .text.SPI4_IRQHandler
                0x0800c678        0xc ../../libDaisy//build\libdaisy.a(spi.o)
                0x0800c678                SPI4_IRQHandler
 .text.SPI5_IRQHandler
                0x0800c684        0xc ../../libDaisy//build\libdaisy.a(spi.o)
                0x0800c684                SPI5_IRQHandler
 .text.DMA2_Stream2_IRQHandler
                0x0800c690       0x34 ../../libDaisy//build\libdaisy.a(spi.o)
                0x0800c690                DMA2_Stream2_IRQHandler
 .text.DMA2_Stream3_IRQHandler
                0x0800c6c4       0x34 ../../libDaisy//build\libdaisy.a(spi.o)
                0x0800c6c4                DMA2_Stream3_IRQHandler
 .text.HAL_SPI_TxCpltCallback
                0x0800c6f8       0xc0 ../../libDaisy//build\libdaisy.a(spi.o)
                0x0800c6f8                HAL_SPI_TxCpltCallback
 .text.HAL_SPI_RxCpltCallback
                0x0800c7b8       0xc0 ../../libDaisy//build\libdaisy.a(spi.o)
                0x0800c7b8                HAL_SPI_RxCpltCallback
 .text.HAL_SPI_TxRxCpltCallback
                0x0800c878       0xc0 ../../libDaisy//build\libdaisy.a(spi.o)
                0x0800c878                HAL_SPI_TxRxCpltCallback
 .text.HAL_SPI_ErrorCallback
                0x0800c938       0xc4 ../../libDaisy//build\libdaisy.a(spi.o)
                0x0800c938                HAL_SPI_ErrorCallback
 *fill*         0x0800c9fc        0x4 
 .text.startup._GLOBAL__sub_I__Z19MapInstanceToHandleP11SPI_TypeDef
                0x0800ca00      0x1bc ../../libDaisy//build\libdaisy.a(spi.o)
 .text.HAL_TIM_Base_MspInit
                0x0800cbbc      0x19c ../../libDaisy//build\libdaisy.a(tim.o)
                0x0800cbbc                HAL_TIM_Base_MspInit
 .text.HAL_TIM_PeriodElapsedCallback
                0x0800cd58       0x44 ../../libDaisy//build\libdaisy.a(tim.o)
                0x0800cd58                HAL_TIM_PeriodElapsedCallback
 .text.TIM2_IRQHandler
                0x0800cd9c        0xc ../../libDaisy//build\libdaisy.a(tim.o)
                0x0800cd9c                TIM2_IRQHandler
 .text.TIM3_IRQHandler
                0x0800cda8        0xc ../../libDaisy//build\libdaisy.a(tim.o)
                0x0800cda8                TIM3_IRQHandler
 .text.TIM4_IRQHandler
                0x0800cdb4        0xc ../../libDaisy//build\libdaisy.a(tim.o)
                0x0800cdb4                TIM4_IRQHandler
 .text.TIM5_IRQHandler
                0x0800cdc0        0xc ../../libDaisy//build\libdaisy.a(tim.o)
                0x0800cdc0                TIM5_IRQHandler
 .text._ZN5daisy11TimerHandle4InitERKNS0_6ConfigE
                0x0800cdcc       0xd0 ../../libDaisy//build\libdaisy.a(tim.o)
                0x0800cdcc                daisy::TimerHandle::Init(daisy::TimerHandle::Config const&)
 .text._ZN5daisy11TimerHandle5StartEv
                0x0800ce9c       0x24 ../../libDaisy//build\libdaisy.a(tim.o)
                0x0800ce9c                daisy::TimerHandle::Start()
 .text.startup._GLOBAL__sub_I__ZN5daisy11TimerHandle4Impl4InitERKNS0_6ConfigE
                0x0800cec0       0x44 ../../libDaisy//build\libdaisy.a(tim.o)
 .text._ZL20UART_CheckRxListenerPN5daisy11UartHandler4ImplE
                0x0800cf04       0x84 ../../libDaisy//build\libdaisy.a(uart.o)
 .text._ZN5daisy11UartHandler4Impl10StartDmaTxEPhjPFvPvEPFvS3_NS0_6ResultEES3_
                0x0800cf88      0x174 ../../libDaisy//build\libdaisy.a(uart.o)
                0x0800cf88                daisy::UartHandler::Impl::StartDmaTx(unsigned char*, unsigned int, void (*)(void*), void (*)(void*, daisy::UartHandler::Result), void*)
 .text._ZN5daisy11UartHandler4Impl10StartDmaRxEPhjPFvPvEPFvS3_NS0_6ResultEES3_
                0x0800d0fc      0x174 ../../libDaisy//build\libdaisy.a(uart.o)
                0x0800d0fc                daisy::UartHandler::Impl::StartDmaRx(unsigned char*, unsigned int, void (*)(void*), void (*)(void*, daisy::UartHandler::Result), void*)
 .text._ZN5daisy11UartHandler4Impl19DmaTransferFinishedEP20__UART_HandleTypeDefNS0_6ResultE
                0x0800d270       0xc0 ../../libDaisy//build\libdaisy.a(uart.o)
                0x0800d270                daisy::UartHandler::Impl::DmaTransferFinished(__UART_HandleTypeDef*, daisy::UartHandler::Result)
 .text._ZN5daisy11UartHandler4Impl8InitPinsEv
                0x0800d330      0x154 ../../libDaisy//build\libdaisy.a(uart.o)
                0x0800d330                daisy::UartHandler::Impl::InitPins()
 .text.HAL_UART_MspInit
                0x0800d484      0x210 ../../libDaisy//build\libdaisy.a(uart.o)
                0x0800d484                HAL_UART_MspInit
 .text.dsy_uart_global_init
                0x0800d694       0xfc ../../libDaisy//build\libdaisy.a(uart.o)
                0x0800d694                dsy_uart_global_init
 .text.USART1_IRQHandler
                0x0800d790       0x30 ../../libDaisy//build\libdaisy.a(uart.o)
                0x0800d790                USART1_IRQHandler
 .text.USART2_IRQHandler
                0x0800d7c0       0x38 ../../libDaisy//build\libdaisy.a(uart.o)
                0x0800d7c0                USART2_IRQHandler
 .text.USART3_IRQHandler
                0x0800d7f8       0x38 ../../libDaisy//build\libdaisy.a(uart.o)
                0x0800d7f8                USART3_IRQHandler
 .text.UART4_IRQHandler
                0x0800d830       0x38 ../../libDaisy//build\libdaisy.a(uart.o)
                0x0800d830                UART4_IRQHandler
 .text.UART5_IRQHandler
                0x0800d868       0x38 ../../libDaisy//build\libdaisy.a(uart.o)
                0x0800d868                UART5_IRQHandler
 .text.USART6_IRQHandler
                0x0800d8a0       0x38 ../../libDaisy//build\libdaisy.a(uart.o)
                0x0800d8a0                USART6_IRQHandler
 .text.UART7_IRQHandler
                0x0800d8d8       0x38 ../../libDaisy//build\libdaisy.a(uart.o)
                0x0800d8d8                UART7_IRQHandler
 .text.UART8_IRQHandler
                0x0800d910       0x38 ../../libDaisy//build\libdaisy.a(uart.o)
                0x0800d910                UART8_IRQHandler
 .text.LPUART1_IRQHandler
                0x0800d948       0x38 ../../libDaisy//build\libdaisy.a(uart.o)
                0x0800d948                LPUART1_IRQHandler
 .text.DMA1_Stream5_IRQHandler
                0x0800d980       0x34 ../../libDaisy//build\libdaisy.a(uart.o)
                0x0800d980                DMA1_Stream5_IRQHandler
 .text.DMA2_Stream4_IRQHandler
                0x0800d9b4       0x34 ../../libDaisy//build\libdaisy.a(uart.o)
                0x0800d9b4                DMA2_Stream4_IRQHandler
 .text.HAL_UART_TxCpltCallback
                0x0800d9e8        0x8 ../../libDaisy//build\libdaisy.a(uart.o)
                0x0800d9e8                HAL_UART_TxCpltCallback
 .text.HAL_UART_RxCpltCallback
                0x0800d9f0       0x94 ../../libDaisy//build\libdaisy.a(uart.o)
                0x0800d9f0                HAL_UART_RxCpltCallback
 .text.HAL_UART_RxHalfCpltCallback
                0x0800da84       0x90 ../../libDaisy//build\libdaisy.a(uart.o)
                0x0800da84                HAL_UART_RxHalfCpltCallback
 .text.HAL_UART_ErrorCallback
                0x0800db14        0x8 ../../libDaisy//build\libdaisy.a(uart.o)
                0x0800db14                HAL_UART_ErrorCallback
 *fill*         0x0800db1c        0x4 
 .text.startup._GLOBAL__sub_I__Z19MapInstanceToHandleP13USART_TypeDef
                0x0800db20      0x19c ../../libDaisy//build\libdaisy.a(uart.o)
 .text.dsy_dma_init
                0x0800dcbc      0x100 ../../libDaisy//build\libdaisy.a(dma.o)
                0x0800dcbc                dsy_dma_init
 .text.dsy_dma_invalidate_cache_for_buffer
                0x0800ddbc       0x2c ../../libDaisy//build\libdaisy.a(dma.o)
                0x0800ddbc                dsy_dma_invalidate_cache_for_buffer
 .text.HAL_MDMA_Abort_IT
                0x0800dde8       0x28 ../../libDaisy//build\libdaisy.a(stm32h7xx_hal_mdma.o)
                0x0800dde8                HAL_MDMA_Abort_IT
 .text.SPI_CloseTransfer
                0x0800de10       0xb8 ../../libDaisy//build\libdaisy.a(stm32h7xx_hal_spi.o)
 .text.HAL_SPI_Init
                0x0800dec8      0x154 ../../libDaisy//build\libdaisy.a(stm32h7xx_hal_spi.o)
                0x0800dec8                HAL_SPI_Init
 .text.HAL_SPI_Transmit_DMA
                0x0800e01c      0x160 ../../libDaisy//build\libdaisy.a(stm32h7xx_hal_spi.o)
                0x0800e01c                HAL_SPI_Transmit_DMA
 .text.HAL_SPI_TransmitReceive_DMA
                0x0800e17c      0x1fc ../../libDaisy//build\libdaisy.a(stm32h7xx_hal_spi.o)
                0x0800e17c                HAL_SPI_TransmitReceive_DMA
 .text.HAL_SPI_Receive_DMA
                0x0800e378      0x198 ../../libDaisy//build\libdaisy.a(stm32h7xx_hal_spi.o)
                0x0800e378                HAL_SPI_Receive_DMA
 .text.SPI_DMATransmitCplt
                0x0800e510       0x28 ../../libDaisy//build\libdaisy.a(stm32h7xx_hal_spi.o)
 .text.SPI_DMAReceiveCplt
                0x0800e538       0x28 ../../libDaisy//build\libdaisy.a(stm32h7xx_hal_spi.o)
 .text.SPI_DMATransmitReceiveCplt
                0x0800e560       0x28 ../../libDaisy//build\libdaisy.a(stm32h7xx_hal_spi.o)
 .text.HAL_SPI_TxHalfCpltCallback
                0x0800e588        0x4 ../../libDaisy//build\libdaisy.a(stm32h7xx_hal_spi.o)
                0x0800e588                HAL_SPI_TxHalfCpltCallback
 .text.SPI_DMAHalfTransmitCplt
                0x0800e58c        0xc ../../libDaisy//build\libdaisy.a(stm32h7xx_hal_spi.o)
 .text.HAL_SPI_RxHalfCpltCallback
                0x0800e598        0x4 ../../libDaisy//build\libdaisy.a(stm32h7xx_hal_spi.o)
                0x0800e598                HAL_SPI_RxHalfCpltCallback
 .text.SPI_DMAHalfReceiveCplt
                0x0800e59c        0xc ../../libDaisy//build\libdaisy.a(stm32h7xx_hal_spi.o)
 .text.HAL_SPI_TxRxHalfCpltCallback
                0x0800e5a8        0x4 ../../libDaisy//build\libdaisy.a(stm32h7xx_hal_spi.o)
                0x0800e5a8                HAL_SPI_TxRxHalfCpltCallback
 .text.SPI_DMAHalfTransmitReceiveCplt
                0x0800e5ac        0xc ../../libDaisy//build\libdaisy.a(stm32h7xx_hal_spi.o)
 .text.SPI_DMAError
                0x0800e5b8       0xd8 ../../libDaisy//build\libdaisy.a(stm32h7xx_hal_spi.o)
 .text.HAL_SPI_IRQHandler
                0x0800e690      0x238 ../../libDaisy//build\libdaisy.a(stm32h7xx_hal_spi.o)
                0x0800e690                HAL_SPI_IRQHandler
 .text.SPI_DMAAbortOnError
                0x0800e8c8       0x1c ../../libDaisy//build\libdaisy.a(stm32h7xx_hal_spi.o)
 .text.HAL_SPI_GetState
                0x0800e8e4        0x8 ../../libDaisy//build\libdaisy.a(stm32h7xx_hal_spi.o)
                0x0800e8e4                HAL_SPI_GetState
 .text.HAL_TIM_Base_Init
                0x0800e8ec      0x114 ../../libDaisy//build\libdaisy.a(stm32h7xx_hal_tim.o)
                0x0800e8ec                HAL_TIM_Base_Init
 .text.HAL_TIM_Base_Start
                0x0800ea00       0x34 ../../libDaisy//build\libdaisy.a(stm32h7xx_hal_tim.o)
                0x0800ea00                HAL_TIM_Base_Start
 .text.HAL_TIM_Base_Start_IT
                0x0800ea34       0x2c ../../libDaisy//build\libdaisy.a(stm32h7xx_hal_tim.o)
                0x0800ea34                HAL_TIM_Base_Start_IT
 .text.HAL_TIM_ConfigClockSource
                0x0800ea60      0x17c ../../libDaisy//build\libdaisy.a(stm32h7xx_hal_tim.o)
                0x0800ea60                HAL_TIM_ConfigClockSource
 .text.HAL_TIM_OC_DelayElapsedCallback
                0x0800ebdc        0x4 ../../libDaisy//build\libdaisy.a(stm32h7xx_hal_tim.o)
                0x0800ebdc                HAL_TIM_OC_DelayElapsedCallback
 .text.HAL_TIM_IC_CaptureCallback
                0x0800ebe0        0x4 ../../libDaisy//build\libdaisy.a(stm32h7xx_hal_tim.o)
                0x0800ebe0                HAL_TIM_IC_CaptureCallback
 .text.HAL_TIM_PWM_PulseFinishedCallback
                0x0800ebe4        0x4 ../../libDaisy//build\libdaisy.a(stm32h7xx_hal_tim.o)
                0x0800ebe4                HAL_TIM_PWM_PulseFinishedCallback
 .text.HAL_TIM_TriggerCallback
                0x0800ebe8        0x4 ../../libDaisy//build\libdaisy.a(stm32h7xx_hal_tim.o)
                0x0800ebe8                HAL_TIM_TriggerCallback
 .text.HAL_TIM_IRQHandler
                0x0800ebec      0x170 ../../libDaisy//build\libdaisy.a(stm32h7xx_hal_tim.o)
                0x0800ebec                HAL_TIM_IRQHandler
 .text.HAL_TIMEx_MasterConfigSynchronization
                0x0800ed5c       0x64 ../../libDaisy//build\libdaisy.a(stm32h7xx_hal_tim_ex.o)
                0x0800ed5c                HAL_TIMEx_MasterConfigSynchronization
 .text.HAL_TIMEx_CommutCallback
                0x0800edc0        0x4 ../../libDaisy//build\libdaisy.a(stm32h7xx_hal_tim_ex.o)
                0x0800edc0                HAL_TIMEx_CommutCallback
 .text.HAL_TIMEx_BreakCallback
                0x0800edc4        0x4 ../../libDaisy//build\libdaisy.a(stm32h7xx_hal_tim_ex.o)
                0x0800edc4                HAL_TIMEx_BreakCallback
 .text.HAL_TIMEx_Break2Callback
                0x0800edc8        0x4 ../../libDaisy//build\libdaisy.a(stm32h7xx_hal_tim_ex.o)
                0x0800edc8                HAL_TIMEx_Break2Callback
 .text.HAL_UART_Transmit_DMA
                0x0800edcc       0x90 ../../libDaisy//build\libdaisy.a(stm32h7xx_hal_uart.o)
                0x0800edcc                HAL_UART_Transmit_DMA
 .text.HAL_UART_Receive_DMA
                0x0800ee5c       0x9c ../../libDaisy//build\libdaisy.a(stm32h7xx_hal_uart.o)
                0x0800ee5c                HAL_UART_Receive_DMA
 .text.UART_DMATransmitCplt
                0x0800eef8       0x2c ../../libDaisy//build\libdaisy.a(stm32h7xx_hal_uart.o)
 .text.HAL_UART_TxHalfCpltCallback
                0x0800ef24        0x4 ../../libDaisy//build\libdaisy.a(stm32h7xx_hal_uart.o)
                0x0800ef24                HAL_UART_TxHalfCpltCallback
 .text.UART_DMATxHalfCplt
                0x0800ef28        0xc ../../libDaisy//build\libdaisy.a(stm32h7xx_hal_uart.o)
 .text.UART_DMAReceiveCplt
                0x0800ef34       0x38 ../../libDaisy//build\libdaisy.a(stm32h7xx_hal_uart.o)
 .text.UART_DMARxHalfCplt
                0x0800ef6c        0xc ../../libDaisy//build\libdaisy.a(stm32h7xx_hal_uart.o)
 .text.UART_DMAError
                0x0800ef78       0x78 ../../libDaisy//build\libdaisy.a(stm32h7xx_hal_uart.o)
 .text.HAL_UART_IRQHandler
                0x0800eff0      0x1e4 ../../libDaisy//build\libdaisy.a(stm32h7xx_hal_uart.o)
                0x0800eff0                HAL_UART_IRQHandler
 .text.UART_DMAAbortOnError
                0x0800f1d4       0x14 ../../libDaisy//build\libdaisy.a(stm32h7xx_hal_uart.o)
 .text.HAL_UART_GetState
                0x0800f1e8        0xc ../../libDaisy//build\libdaisy.a(stm32h7xx_hal_uart.o)
                0x0800f1e8                HAL_UART_GetState
 .text.UART_SetConfig
                0x0800f1f4      0x82c ../../libDaisy//build\libdaisy.a(stm32h7xx_hal_uart.o)
                0x0800f1f4                UART_SetConfig
 .text.UART_AdvFeatureConfig
                0x0800fa20       0xb0 ../../libDaisy//build\libdaisy.a(stm32h7xx_hal_uart.o)
                0x0800fa20                UART_AdvFeatureConfig
 .text.UART_CheckIdleState
                0x0800fad0       0x80 ../../libDaisy//build\libdaisy.a(stm32h7xx_hal_uart.o)
                0x0800fad0                UART_CheckIdleState
 .text.HAL_UART_Init
                0x0800fb50       0x68 ../../libDaisy//build\libdaisy.a(stm32h7xx_hal_uart.o)
                0x0800fb50                HAL_UART_Init
 .text.HAL_UARTEx_WakeupCallback
                0x0800fbb8        0x4 ../../libDaisy//build\libdaisy.a(stm32h7xx_hal_uart_ex.o)
                0x0800fbb8                HAL_UARTEx_WakeupCallback
 .text.HAL_UARTEx_RxFifoFullCallback
                0x0800fbbc        0x4 ../../libDaisy//build\libdaisy.a(stm32h7xx_hal_uart_ex.o)
                0x0800fbbc                HAL_UARTEx_RxFifoFullCallback
 .text.HAL_UARTEx_TxFifoEmptyCallback
                0x0800fbc0        0x4 ../../libDaisy//build\libdaisy.a(stm32h7xx_hal_uart_ex.o)
                0x0800fbc0                HAL_UARTEx_TxFifoEmptyCallback
 .text.__aeabi_atexit
                0x0800fbc4        0xa C:/msys64/ucrt64/bin/../lib/gcc/arm-none-eabi/13.3.0/../../../../arm-none-eabi/lib/thumb/v7e-m+dp/hard\libstdc++_nano.a(atexit_arm.o)
                0x0800fbc4                __aeabi_atexit
 .text.__udivmoddi4
                0x0800fbce      0x2a0 C:/msys64/ucrt64/bin/../lib/gcc/arm-none-eabi/13.3.0/thumb/v7e-m+dp/hard\libgcc.a(_udivmoddi4.o)
                0x0800fbce                __udivmoddi4
 *(.rodata)
 *fill*         0x0800fe6e        0x2 
 .rodata        0x0800fe70       0x10 ../../libDaisy//build\libdaisy.a(i2c.o)
 .rodata        0x0800fe80       0x10 ../../libDaisy//build\libdaisy.a(tim.o)
 .rodata        0x0800fe90       0x12 ../../libDaisy//build\libdaisy.a(uart.o)
 *fill*         0x0800fea2        0x2 
 .rodata        0x0800fea4        0x4 C:/msys64/ucrt64/bin/../lib/gcc/arm-none-eabi/13.3.0/../../../../arm-none-eabi/lib/thumb/v7e-m+dp/hard\libc_nano.a(libc_a-on_exit_args.o)
                0x0800fea4                __on_exit_args
 *(.rodata*)
 .rodata._ZL8seedgpio
                0x0800fea8       0x42 ../../libDaisy//build\libdaisy.a(daisy_seed.o)
 *fill*         0x0800feea        0x2 
 .rodata._ZL16dsy_adc_rank_map
                0x0800feec       0x40 ../../libDaisy//build\libdaisy.a(adc.o)
 .rodata.CSWTCH.44
                0x0800ff2c       0x14 ../../libDaisy//build\libdaisy.a(sai.o)
 .rodata.CSWTCH.36
                0x0800ff40        0xc ../../libDaisy//build\libdaisy.a(sai.o)
 .rodata.CSWTCH.35
                0x0800ff4c        0x3 ../../libDaisy//build\libdaisy.a(sai.o)
 *fill*         0x0800ff4f        0x1 
 .rodata.D1CorePrescTable
                0x0800ff50       0x10 ../../libDaisy//build\libdaisy.a(system_stm32h7xx.o)
                0x0800ff50                D1CorePrescTable
 .rodata.gpio_hal_pin_map
                0x0800ff60       0x20 ../../libDaisy//build\libdaisy.a(hal_map.o)
 .rodata.gpio_hal_port_map
                0x0800ff80       0x30 ../../libDaisy//build\libdaisy.a(hal_map.o)
 .rodata.flagBitshiftOffset.0
                0x0800ffb0        0x8 ../../libDaisy//build\libdaisy.a(stm32h7xx_hal_dma.o)
 .rodata._ZL16pins_periphs_spi
                0x0800ffb8       0x60 ../../libDaisy//build\libdaisy.a(spi.o)
 .rodata._ZL13pins_none_spi
                0x08010018        0x3 ../../libDaisy//build\libdaisy.a(spi.o)
 *fill*         0x0801001b        0x5 
 .rodata.CSWTCH.425
                0x08010020       0x58 ../../libDaisy//build\libdaisy.a(stm32h7xx_hal_uart.o)
 .rodata.CSWTCH.418
                0x08010078       0x2c ../../libDaisy//build\libdaisy.a(stm32h7xx_hal_uart.o)
 *(.glue_7)
 .glue_7        0x080100a4        0x0 linker stubs
 *(.glue_7t)
 .glue_7t       0x080100a4        0x0 linker stubs
 *(.init)
 .init          0x080100a4        0x4 C:/msys64/ucrt64/bin/../lib/gcc/arm-none-eabi/13.3.0/thumb/v7e-m+dp/hard/crti.o
                0x080100a4                _init
 .init          0x080100a8        0x8 C:/msys64/ucrt64/bin/../lib/gcc/arm-none-eabi/13.3.0/thumb/v7e-m+dp/hard/crtn.o
 *(.fini)
 .fini          0x080100b0        0x4 C:/msys64/ucrt64/bin/../lib/gcc/arm-none-eabi/13.3.0/thumb/v7e-m+dp/hard/crti.o
                0x080100b0                _fini
 .fini          0x080100b4        0x8 C:/msys64/ucrt64/bin/../lib/gcc/arm-none-eabi/13.3.0/thumb/v7e-m+dp/hard/crtn.o
                0x080100bc                        . = ALIGN (0x4)
                0x080100bc                        _etext = .

.eh_frame       0x080100bc        0x0
 .eh_frame      0x080100bc        0x0 C:/msys64/ucrt64/bin/../lib/gcc/arm-none-eabi/13.3.0/thumb/v7e-m+dp/hard/crtbegin.o

.vfp11_veneer   0x080100bc        0x0
 .vfp11_veneer  0x080100bc        0x0 linker stubs

.v4_bx          0x080100bc        0x0
 .v4_bx         0x080100bc        0x0 linker stubs

.iplt           0x080100bc        0x0
 .iplt          0x080100bc        0x0 C:/msys64/ucrt64/bin/../lib/gcc/arm-none-eabi/13.3.0/thumb/v7e-m+dp/hard/crtbegin.o

.ARM.extab      0x080100bc        0x0
                0x080100bc                        . = ALIGN (0x4)
 *(.ARM.extab)
 *(.gnu.linkonce.armextab.*)
                0x080100bc                        . = ALIGN (0x4)

.exidx          0x080100bc        0x8
                0x080100bc                        . = ALIGN (0x4)
                [!provide]                        PROVIDE (__exidx_start = .)
 *(.ARM.exidx*)
 .ARM.exidx     0x080100bc        0x8 C:/msys64/ucrt64/bin/../lib/gcc/arm-none-eabi/13.3.0/../../../../arm-none-eabi/lib/thumb/v7e-m+dp/hard\libc_nano.a(libc_a-memcpy.o)
 .ARM.exidx.text.__udivmoddi4
                0x080100c4        0x0 C:/msys64/ucrt64/bin/../lib/gcc/arm-none-eabi/13.3.0/thumb/v7e-m+dp/hard\libgcc.a(_udivmoddi4.o)
                                  0x8 (size before relaxing)
                0x080100c4                        . = ALIGN (0x4)
                [!provide]                        PROVIDE (__exidx_end = .)

.rel.dyn        0x080100c4        0x0
 .rel.iplt      0x080100c4        0x0 C:/msys64/ucrt64/bin/../lib/gcc/arm-none-eabi/13.3.0/thumb/v7e-m+dp/hard/crtbegin.o

.ARM.attributes
                0x080100c4       0x2e
 *(.ARM.attributes)
 .ARM.attributes
                0x080100c4       0x20 C:/msys64/ucrt64/bin/../lib/gcc/arm-none-eabi/13.3.0/thumb/v7e-m+dp/hard/crti.o
 .ARM.attributes
                0x080100e4       0x32 C:/msys64/ucrt64/bin/../lib/gcc/arm-none-eabi/13.3.0/thumb/v7e-m+dp/hard/crtbegin.o
 .ARM.attributes
                0x08010116       0x32 build/startup_stm32h750xx.o
 .ARM.attributes
                0x08010148       0x32 build/AmpSimp.o
 .ARM.attributes
                0x0801017a       0x32 ../../libDaisy//build\libdaisy.a(daisy_seed.o)
 .ARM.attributes
                0x080101ac       0x32 ../../libDaisy//build\libdaisy.a(codec_ak4556.o)
 .ARM.attributes
                0x080101de       0x32 ../../libDaisy//build\libdaisy.a(codec_wm8731.o)
 .ARM.attributes
                0x08010210       0x32 ../../libDaisy//build\libdaisy.a(sdram.o)
 .ARM.attributes
                0x08010242       0x32 ../../libDaisy//build\libdaisy.a(audio.o)
 .ARM.attributes
                0x08010274       0x32 ../../libDaisy//build\libdaisy.a(adc.o)
 .ARM.attributes
                0x080102a6       0x32 ../../libDaisy//build\libdaisy.a(gpio.o)
 .ARM.attributes
                0x080102d8       0x32 ../../libDaisy//build\libdaisy.a(i2c.o)
 .ARM.attributes
                0x0801030a       0x32 ../../libDaisy//build\libdaisy.a(qspi.o)
 .ARM.attributes
                0x0801033c       0x32 ../../libDaisy//build\libdaisy.a(sai.o)
 .ARM.attributes
                0x0801036e       0x32 ../../libDaisy//build\libdaisy.a(system.o)
 .ARM.attributes
                0x080103a0       0x32 ../../libDaisy//build\libdaisy.a(system_stm32h7xx.o)
 .ARM.attributes
                0x080103d2       0x32 ../../libDaisy//build\libdaisy.a(usbd_conf.o)
 .ARM.attributes
                0x08010404       0x32 ../../libDaisy//build\libdaisy.a(usbh_conf.o)
 .ARM.attributes
                0x08010436       0x32 ../../libDaisy//build\libdaisy.a(hal_map.o)
 .ARM.attributes
                0x08010468       0x32 ../../libDaisy//build\libdaisy.a(stm32h7xx_hal.o)
 .ARM.attributes
                0x0801049a       0x32 ../../libDaisy//build\libdaisy.a(stm32h7xx_hal_adc.o)
 .ARM.attributes
                0x080104cc       0x32 ../../libDaisy//build\libdaisy.a(stm32h7xx_hal_adc_ex.o)
 .ARM.attributes
                0x080104fe       0x32 ../../libDaisy//build\libdaisy.a(stm32h7xx_hal_cortex.o)
 .ARM.attributes
                0x08010530       0x32 ../../libDaisy//build\libdaisy.a(stm32h7xx_hal_dma.o)
 .ARM.attributes
                0x08010562       0x32 ../../libDaisy//build\libdaisy.a(stm32h7xx_hal_gpio.o)
 .ARM.attributes
                0x08010594       0x32 ../../libDaisy//build\libdaisy.a(stm32h7xx_hal_hcd.o)
 .ARM.attributes
                0x080105c6       0x32 ../../libDaisy//build\libdaisy.a(stm32h7xx_hal_i2c.o)
 .ARM.attributes
                0x080105f8       0x32 ../../libDaisy//build\libdaisy.a(stm32h7xx_hal_i2c_ex.o)
 .ARM.attributes
                0x0801062a       0x32 ../../libDaisy//build\libdaisy.a(stm32h7xx_hal_pcd.o)
 .ARM.attributes
                0x0801065c       0x32 ../../libDaisy//build\libdaisy.a(stm32h7xx_hal_pcd_ex.o)
 .ARM.attributes
                0x0801068e       0x32 ../../libDaisy//build\libdaisy.a(stm32h7xx_hal_pwr_ex.o)
 .ARM.attributes
                0x080106c0       0x32 ../../libDaisy//build\libdaisy.a(stm32h7xx_hal_qspi.o)
 .ARM.attributes
                0x080106f2       0x32 ../../libDaisy//build\libdaisy.a(stm32h7xx_hal_rcc.o)
 .ARM.attributes
                0x08010724       0x32 ../../libDaisy//build\libdaisy.a(stm32h7xx_hal_rcc_ex.o)
 .ARM.attributes
                0x08010756       0x32 ../../libDaisy//build\libdaisy.a(stm32h7xx_hal_sai.o)
 .ARM.attributes
                0x08010788       0x32 ../../libDaisy//build\libdaisy.a(stm32h7xx_hal_sdram.o)
 .ARM.attributes
                0x080107ba       0x32 ../../libDaisy//build\libdaisy.a(stm32h7xx_ll_fmc.o)
 .ARM.attributes
                0x080107ec       0x32 ../../libDaisy//build\libdaisy.a(stm32h7xx_ll_usb.o)
 .ARM.attributes
                0x0801081e       0x32 ../../libDaisy//build\libdaisy.a(usbd_core.o)
 .ARM.attributes
                0x08010850       0x32 ../../libDaisy//build\libdaisy.a(usbd_ctlreq.o)
 .ARM.attributes
                0x08010882       0x32 ../../libDaisy//build\libdaisy.a(usbd_ioreq.o)
 .ARM.attributes
                0x080108b4       0x32 ../../libDaisy//build\libdaisy.a(usbh_core.o)
 .ARM.attributes
                0x080108e6       0x32 ../../libDaisy//build\libdaisy.a(usbh_pipes.o)
 .ARM.attributes
                0x08010918       0x32 ../../libDaisy//build\libdaisy.a(rng.o)
 .ARM.attributes
                0x0801094a       0x32 ../../libDaisy//build\libdaisy.a(spi.o)
 .ARM.attributes
                0x0801097c       0x32 ../../libDaisy//build\libdaisy.a(tim.o)
 .ARM.attributes
                0x080109ae       0x32 ../../libDaisy//build\libdaisy.a(uart.o)
 .ARM.attributes
                0x080109e0       0x32 ../../libDaisy//build\libdaisy.a(dma.o)
 .ARM.attributes
                0x08010a12       0x32 ../../libDaisy//build\libdaisy.a(stm32h7xx_hal_mdma.o)
 .ARM.attributes
                0x08010a44       0x32 ../../libDaisy//build\libdaisy.a(stm32h7xx_hal_spi.o)
 .ARM.attributes
                0x08010a76       0x32 ../../libDaisy//build\libdaisy.a(stm32h7xx_hal_tim.o)
 .ARM.attributes
                0x08010aa8       0x32 ../../libDaisy//build\libdaisy.a(stm32h7xx_hal_tim_ex.o)
 .ARM.attributes
                0x08010ada       0x32 ../../libDaisy//build\libdaisy.a(stm32h7xx_hal_uart.o)
 .ARM.attributes
                0x08010b0c       0x32 ../../libDaisy//build\libdaisy.a(stm32h7xx_hal_uart_ex.o)
 .ARM.attributes
                0x08010b3e       0x32 C:/msys64/ucrt64/bin/../lib/gcc/arm-none-eabi/13.3.0/../../../../arm-none-eabi/lib/thumb/v7e-m+dp/hard\libstdc++_nano.a(atexit_arm.o)
 .ARM.attributes
                0x08010b70       0x32 C:/msys64/ucrt64/bin/../lib/gcc/arm-none-eabi/13.3.0/../../../../arm-none-eabi/lib/thumb/v7e-m+dp/hard\libc_nano.a(libc_a-cxa_atexit.o)
 .ARM.attributes
                0x08010ba2       0x32 C:/msys64/ucrt64/bin/../lib/gcc/arm-none-eabi/13.3.0/../../../../arm-none-eabi/lib/thumb/v7e-m+dp/hard\libc_nano.a(libc_a-memset.o)
 .ARM.attributes
                0x08010bd4       0x32 C:/msys64/ucrt64/bin/../lib/gcc/arm-none-eabi/13.3.0/../../../../arm-none-eabi/lib/thumb/v7e-m+dp/hard\libc_nano.a(libc_a-init.o)
 .ARM.attributes
                0x08010c06       0x32 C:/msys64/ucrt64/bin/../lib/gcc/arm-none-eabi/13.3.0/../../../../arm-none-eabi/lib/thumb/v7e-m+dp/hard\libc_nano.a(libc_a-lock.o)
 .ARM.attributes
                0x08010c38       0x1e C:/msys64/ucrt64/bin/../lib/gcc/arm-none-eabi/13.3.0/../../../../arm-none-eabi/lib/thumb/v7e-m+dp/hard\libc_nano.a(libc_a-memcpy.o)
 .ARM.attributes
                0x08010c56       0x32 C:/msys64/ucrt64/bin/../lib/gcc/arm-none-eabi/13.3.0/../../../../arm-none-eabi/lib/thumb/v7e-m+dp/hard\libc_nano.a(libc_a-__atexit.o)
 .ARM.attributes
                0x08010c88       0x32 C:/msys64/ucrt64/bin/../lib/gcc/arm-none-eabi/13.3.0/../../../../arm-none-eabi/lib/thumb/v7e-m+dp/hard\libc_nano.a(libc_a-__call_atexit.o)
 .ARM.attributes
                0x08010cba       0x32 C:/msys64/ucrt64/bin/../lib/gcc/arm-none-eabi/13.3.0/../../../../arm-none-eabi/lib/thumb/v7e-m+dp/hard\libc_nano.a(libc_a-on_exit_args.o)
 .ARM.attributes
                0x08010cec       0x20 C:/msys64/ucrt64/bin/../lib/gcc/arm-none-eabi/13.3.0/thumb/v7e-m+dp/hard\libgcc.a(_aeabi_uldivmod.o)
 .ARM.attributes
                0x08010d0c       0x32 C:/msys64/ucrt64/bin/../lib/gcc/arm-none-eabi/13.3.0/thumb/v7e-m+dp/hard\libgcc.a(_udivmoddi4.o)
 .ARM.attributes
                0x08010d3e       0x20 C:/msys64/ucrt64/bin/../lib/gcc/arm-none-eabi/13.3.0/thumb/v7e-m+dp/hard\libgcc.a(_dvmd_tls.o)
 .ARM.attributes